Archive member included to satisfy reference by file (symbol)

/opt/st/stm32cubeide_1.0.0/plugins/com.st.stm32cube.ide.mcu.externaltools.gnu-tools-for-stm32.7-2018-q2-update.linux64_1.0.0.201904181610/tools/bin/../lib/gcc/arm-none-eabi/7.3.1/../../../../arm-none-eabi/lib/thumb/v7e-m/fpv5/hard/libc_nano.a(lib_a-exit.o)
                              /opt/st/stm32cubeide_1.0.0/plugins/com.st.stm32cube.ide.mcu.externaltools.gnu-tools-for-stm32.7-2018-q2-update.linux64_1.0.0.201904181610/tools/bin/../lib/gcc/arm-none-eabi/7.3.1/../../../../arm-none-eabi/lib/thumb/v7e-m/fpv5/hard/crt0.o (exit)
/opt/st/stm32cubeide_1.0.0/plugins/com.st.stm32cube.ide.mcu.externaltools.gnu-tools-for-stm32.7-2018-q2-update.linux64_1.0.0.201904181610/tools/bin/../lib/gcc/arm-none-eabi/7.3.1/../../../../arm-none-eabi/lib/thumb/v7e-m/fpv5/hard/libc_nano.a(lib_a-impure.o)
                              /opt/st/stm32cubeide_1.0.0/plugins/com.st.stm32cube.ide.mcu.externaltools.gnu-tools-for-stm32.7-2018-q2-update.linux64_1.0.0.201904181610/tools/bin/../lib/gcc/arm-none-eabi/7.3.1/../../../../arm-none-eabi/lib/thumb/v7e-m/fpv5/hard/libc_nano.a(lib_a-exit.o) (_global_impure_ptr)
/opt/st/stm32cubeide_1.0.0/plugins/com.st.stm32cube.ide.mcu.externaltools.gnu-tools-for-stm32.7-2018-q2-update.linux64_1.0.0.201904181610/tools/bin/../lib/gcc/arm-none-eabi/7.3.1/../../../../arm-none-eabi/lib/thumb/v7e-m/fpv5/hard/libc_nano.a(lib_a-init.o)
                              /opt/st/stm32cubeide_1.0.0/plugins/com.st.stm32cube.ide.mcu.externaltools.gnu-tools-for-stm32.7-2018-q2-update.linux64_1.0.0.201904181610/tools/bin/../lib/gcc/arm-none-eabi/7.3.1/../../../../arm-none-eabi/lib/thumb/v7e-m/fpv5/hard/crt0.o (__libc_init_array)
/opt/st/stm32cubeide_1.0.0/plugins/com.st.stm32cube.ide.mcu.externaltools.gnu-tools-for-stm32.7-2018-q2-update.linux64_1.0.0.201904181610/tools/bin/../lib/gcc/arm-none-eabi/7.3.1/../../../../arm-none-eabi/lib/thumb/v7e-m/fpv5/hard/libc_nano.a(lib_a-memcmp.o)
                              Middlewares/Third_Party/LwIP/src/netif/ethernet.o (memcmp)
/opt/st/stm32cubeide_1.0.0/plugins/com.st.stm32cube.ide.mcu.externaltools.gnu-tools-for-stm32.7-2018-q2-update.linux64_1.0.0.201904181610/tools/bin/../lib/gcc/arm-none-eabi/7.3.1/../../../../arm-none-eabi/lib/thumb/v7e-m/fpv5/hard/libc_nano.a(lib_a-memcpy-stub.o)
                              Middlewares/Third_Party/FreeRTOS/Source/queue.o (memcpy)
/opt/st/stm32cubeide_1.0.0/plugins/com.st.stm32cube.ide.mcu.externaltools.gnu-tools-for-stm32.7-2018-q2-update.linux64_1.0.0.201904181610/tools/bin/../lib/gcc/arm-none-eabi/7.3.1/../../../../arm-none-eabi/lib/thumb/v7e-m/fpv5/hard/libc_nano.a(lib_a-memset.o)
                              /opt/st/stm32cubeide_1.0.0/plugins/com.st.stm32cube.ide.mcu.externaltools.gnu-tools-for-stm32.7-2018-q2-update.linux64_1.0.0.201904181610/tools/bin/../lib/gcc/arm-none-eabi/7.3.1/../../../../arm-none-eabi/lib/thumb/v7e-m/fpv5/hard/crt0.o (memset)
/opt/st/stm32cubeide_1.0.0/plugins/com.st.stm32cube.ide.mcu.externaltools.gnu-tools-for-stm32.7-2018-q2-update.linux64_1.0.0.201904181610/tools/bin/../lib/gcc/arm-none-eabi/7.3.1/../../../../arm-none-eabi/lib/thumb/v7e-m/fpv5/hard/libc_nano.a(lib_a-printf.o)
                              Middlewares/Third_Party/LwIP/src/api/api_lib.o (printf)
/opt/st/stm32cubeide_1.0.0/plugins/com.st.stm32cube.ide.mcu.externaltools.gnu-tools-for-stm32.7-2018-q2-update.linux64_1.0.0.201904181610/tools/bin/../lib/gcc/arm-none-eabi/7.3.1/../../../../arm-none-eabi/lib/thumb/v7e-m/fpv5/hard/libc_nano.a(lib_a-rand.o)
                              Middlewares/Third_Party/LwIP/src/core/ipv4/dhcp.o (rand)
/opt/st/stm32cubeide_1.0.0/plugins/com.st.stm32cube.ide.mcu.externaltools.gnu-tools-for-stm32.7-2018-q2-update.linux64_1.0.0.201904181610/tools/bin/../lib/gcc/arm-none-eabi/7.3.1/../../../../arm-none-eabi/lib/thumb/v7e-m/fpv5/hard/libc_nano.a(lib_a-strcmp.o)
                              Src/uart.o (strcmp)
/opt/st/stm32cubeide_1.0.0/plugins/com.st.stm32cube.ide.mcu.externaltools.gnu-tools-for-stm32.7-2018-q2-update.linux64_1.0.0.201904181610/tools/bin/../lib/gcc/arm-none-eabi/7.3.1/../../../../arm-none-eabi/lib/thumb/v7e-m/fpv5/hard/libc_nano.a(lib_a-strlen.o)
                              Middlewares/Third_Party/LwIP/src/apps/mqtt/mqtt.o (strlen)
/opt/st/stm32cubeide_1.0.0/plugins/com.st.stm32cube.ide.mcu.externaltools.gnu-tools-for-stm32.7-2018-q2-update.linux64_1.0.0.201904181610/tools/bin/../lib/gcc/arm-none-eabi/7.3.1/../../../../arm-none-eabi/lib/thumb/v7e-m/fpv5/hard/libc_nano.a(lib_a-strncmp.o)
                              Middlewares/Third_Party/LwIP/src/core/def.o (strncmp)
/opt/st/stm32cubeide_1.0.0/plugins/com.st.stm32cube.ide.mcu.externaltools.gnu-tools-for-stm32.7-2018-q2-update.linux64_1.0.0.201904181610/tools/bin/../lib/gcc/arm-none-eabi/7.3.1/../../../../arm-none-eabi/lib/thumb/v7e-m/fpv5/hard/libc_nano.a(lib_a-vsprintf.o)
                              Src/uart.o (vsprintf)
[...]
Memory Configuration

Name             Origin             Length             Attributes
RAM              0x0000000020000000 0x0000000000080000 xrw
FLASH            0x0000000008000000 0x0000000000200000 xr
*default*        0x0000000000000000 0xffffffffffffffff

Linker script and memory map

LOAD /opt/st/stm32cubeide_1.0.0/plugins/com.st.stm32cube.ide.mcu.externaltools.gnu-tools-for-stm32.7-2018-q2-update.linux64_1.0.0.201904181610/tools/bin/../lib/gcc/arm-none-eabi/7.3.1/thumb/v7e-m/fpv5/hard/crti.o
LOAD /opt/st/stm32cubeide_1.0.0/plugins/com.st.stm32cube.ide.mcu.externaltools.gnu-tools-for-stm32.7-2018-q2-update.linux64_1.0.0.201904181610/tools/bin/../lib/gcc/arm-none-eabi/7.3.1/thumb/v7e-m/fpv5/hard/crtbegin.o
LOAD /opt/st/stm32cubeide_1.0.0/plugins/com.st.stm32cube.ide.mcu.externaltools.gnu-tools-for-stm32.7-2018-q2-update.linux64_1.0.0.201904181610/tools/bin/../lib/gcc/arm-none-eabi/7.3.1/../../../../arm-none-eabi/lib/thumb/v7e-m/fpv5/hard/crt0.o
LOAD Drivers/STM32F7xx_HAL_Driver/Src/stm32f7xx_hal.o
LOAD Drivers/STM32F7xx_HAL_Driver/Src/stm32f7xx_hal_cortex.o
LOAD Drivers/STM32F7xx_HAL_Driver/Src/stm32f7xx_hal_dma.o
LOAD Drivers/STM32F7xx_HAL_Driver/Src/stm32f7xx_hal_dma_ex.o
LOAD Drivers/STM32F7xx_HAL_Driver/Src/stm32f7xx_hal_eth.o
LOAD Drivers/STM32F7xx_HAL_Driver/Src/stm32f7xx_hal_flash.o
LOAD Drivers/STM32F7xx_HAL_Driver/Src/stm32f7xx_hal_flash_ex.o
LOAD Drivers/STM32F7xx_HAL_Driver/Src/stm32f7xx_hal_gpio.o
LOAD Drivers/STM32F7xx_HAL_Driver/Src/stm32f7xx_hal_i2c.o
LOAD Drivers/STM32F7xx_HAL_Driver/Src/stm32f7xx_hal_i2c_ex.o
LOAD Drivers/STM32F7xx_HAL_Driver/Src/stm32f7xx_hal_pwr.o
LOAD Drivers/STM32F7xx_HAL_Driver/Src/stm32f7xx_hal_pwr_ex.o
LOAD Drivers/STM32F7xx_HAL_Driver/Src/stm32f7xx_hal_rcc.o
LOAD Drivers/STM32F7xx_HAL_Driver/Src/stm32f7xx_hal_rcc_ex.o
LOAD Drivers/STM32F7xx_HAL_Driver/Src/stm32f7xx_hal_tim.o
LOAD Drivers/STM32F7xx_HAL_Driver/Src/stm32f7xx_hal_tim_ex.o
LOAD Drivers/STM32F7xx_HAL_Driver/Src/stm32f7xx_hal_uart.o
LOAD Drivers/STM32F7xx_HAL_Driver/Src/stm32f7xx_ll_adc.o
LOAD Drivers/STM32F7xx_HAL_Driver/Src/stm32f7xx_ll_crc.o
LOAD Drivers/STM32F7xx_HAL_Driver/Src/stm32f7xx_ll_dac.o
LOAD Drivers/STM32F7xx_HAL_Driver/Src/stm32f7xx_ll_dma.o
LOAD Drivers/STM32F7xx_HAL_Driver/Src/stm32f7xx_ll_dma2d.o
LOAD Drivers/STM32F7xx_HAL_Driver/Src/stm32f7xx_ll_exti.o
LOAD Drivers/STM32F7xx_HAL_Driver/Src/stm32f7xx_ll_fmc.o
LOAD Drivers/STM32F7xx_HAL_Driver/Src/stm32f7xx_ll_gpio.o
LOAD Drivers/STM32F7xx_HAL_Driver/Src/stm32f7xx_ll_i2c.o
LOAD Drivers/STM32F7xx_HAL_Driver/Src/stm32f7xx_ll_lptim.o
LOAD Drivers/STM32F7xx_HAL_Driver/Src/stm32f7xx_ll_pwr.o
LOAD Drivers/STM32F7xx_HAL_Driver/Src/stm32f7xx_ll_rcc.o
LOAD Drivers/STM32F7xx_HAL_Driver/Src/stm32f7xx_ll_rng.o
LOAD Drivers/STM32F7xx_HAL_Driver/Src/stm32f7xx_ll_rtc.o
LOAD Drivers/STM32F7xx_HAL_Driver/Src/stm32f7xx_ll_sdmmc.o
LOAD Drivers/STM32F7xx_HAL_Driver/Src/stm32f7xx_ll_spi.o
LOAD Drivers/STM32F7xx_HAL_Driver/Src/stm32f7xx_ll_tim.o
LOAD Drivers/STM32F7xx_HAL_Driver/Src/stm32f7xx_ll_usart.o
LOAD Drivers/STM32F7xx_HAL_Driver/Src/stm32f7xx_ll_usb.o
LOAD Drivers/STM32F7xx_HAL_Driver/Src/stm32f7xx_ll_utils.o
LOAD Middlewares/Third_Party/FreeRTOS/Source/CMSIS_RTOS/cmsis_os.o
LOAD Middlewares/Third_Party/FreeRTOS/Source/croutine.o
LOAD Middlewares/Third_Party/FreeRTOS/Source/event_groups.o
LOAD Middlewares/Third_Party/FreeRTOS/Source/list.o
LOAD Middlewares/Third_Party/FreeRTOS/Source/queue.o
LOAD Middlewares/Third_Party/FreeRTOS/Source/tasks.o
LOAD Middlewares/Third_Party/FreeRTOS/Source/timers.o
LOAD Middlewares/Third_Party/FreeRTOS/Source/portable/GCC/ARM_CM7/r0p1/port.o
LOAD Middlewares/Third_Party/FreeRTOS/Source/portable/MemMang/heap_4.o
LOAD Middlewares/Third_Party/LwIP/src/api/api_lib.o
LOAD Middlewares/Third_Party/LwIP/src/api/api_msg.o
LOAD Middlewares/Third_Party/LwIP/src/api/err.o
LOAD Middlewares/Third_Party/LwIP/src/api/netbuf.o
LOAD Middlewares/Third_Party/LwIP/src/api/netdb.o
LOAD Middlewares/Third_Party/LwIP/src/api/netifapi.o
LOAD Middlewares/Third_Party/LwIP/src/api/sockets.o
LOAD Middlewares/Third_Party/LwIP/src/api/tcpip.o
LOAD Middlewares/Third_Party/LwIP/src/apps/mqtt/mqtt.o
LOAD Middlewares/Third_Party/LwIP/src/core/def.o
LOAD Middlewares/Third_Party/LwIP/src/core/dns.o
LOAD Middlewares/Third_Party/LwIP/src/core/inet_chksum.o
LOAD Middlewares/Third_Party/LwIP/src/core/init.o
LOAD Middlewares/Third_Party/LwIP/src/core/ip.o
LOAD Middlewares/Third_Party/LwIP/src/core/mem.o
LOAD Middlewares/Third_Party/LwIP/src/core/memp.o
LOAD Middlewares/Third_Party/LwIP/src/core/netif.o
LOAD Middlewares/Third_Party/LwIP/src/core/pbuf.o
LOAD Middlewares/Third_Party/LwIP/src/core/raw.o
LOAD Middlewares/Third_Party/LwIP/src/core/stats.o
LOAD Middlewares/Third_Party/LwIP/src/core/sys.o
LOAD Middlewares/Third_Party/LwIP/src/core/tcp.o
LOAD Middlewares/Third_Party/LwIP/src/core/tcp_in.o
LOAD Middlewares/Third_Party/LwIP/src/core/tcp_out.o
LOAD Middlewares/Third_Party/LwIP/src/core/timeouts.o
LOAD Middlewares/Third_Party/LwIP/src/core/udp.o
LOAD Middlewares/Third_Party/LwIP/src/core/ipv4/autoip.o
LOAD Middlewares/Third_Party/LwIP/src/core/ipv4/dhcp.o
LOAD Middlewares/Third_Party/LwIP/src/core/ipv4/etharp.o
LOAD Middlewares/Third_Party/LwIP/src/core/ipv4/icmp.o
LOAD Middlewares/Third_Party/LwIP/src/core/ipv4/igmp.o
LOAD Middlewares/Third_Party/LwIP/src/core/ipv4/ip4.o
LOAD Middlewares/Third_Party/LwIP/src/core/ipv4/ip4_addr.o
LOAD Middlewares/Third_Party/LwIP/src/core/ipv4/ip4_frag.o
LOAD Middlewares/Third_Party/LwIP/src/core/ipv6/dhcp6.o
LOAD Middlewares/Third_Party/LwIP/src/core/ipv6/ethip6.o
LOAD Middlewares/Third_Party/LwIP/src/core/ipv6/icmp6.o
LOAD Middlewares/Third_Party/LwIP/src/core/ipv6/inet6.o
LOAD Middlewares/Third_Party/LwIP/src/core/ipv6/ip6.o
LOAD Middlewares/Third_Party/LwIP/src/core/ipv6/ip6_addr.o
LOAD Middlewares/Third_Party/LwIP/src/core/ipv6/ip6_frag.o
LOAD Middlewares/Third_Party/LwIP/src/core/ipv6/mld6.o
LOAD Middlewares/Third_Party/LwIP/src/core/ipv6/nd6.o
LOAD Middlewares/Third_Party/LwIP/src/netif/ethernet.o
LOAD Middlewares/Third_Party/LwIP/src/netif/lowpan6.o
LOAD Middlewares/Third_Party/LwIP/src/netif/slipif.o
LOAD Middlewares/Third_Party/LwIP/src/netif/ppp/auth.o
LOAD Middlewares/Third_Party/LwIP/src/netif/ppp/ccp.o
LOAD Middlewares/Third_Party/LwIP/src/netif/ppp/chap-md5.o
LOAD Middlewares/Third_Party/LwIP/src/netif/ppp/chap-new.o
LOAD Middlewares/Third_Party/LwIP/src/netif/ppp/chap_ms.o
LOAD Middlewares/Third_Party/LwIP/src/netif/ppp/demand.o
LOAD Middlewares/Third_Party/LwIP/src/netif/ppp/eap.o
LOAD Middlewares/Third_Party/LwIP/src/netif/ppp/ecp.o
LOAD Middlewares/Third_Party/LwIP/src/netif/ppp/eui64.o
LOAD Middlewares/Third_Party/LwIP/src/netif/ppp/fsm.o
LOAD Middlewares/Third_Party/LwIP/src/netif/ppp/ipcp.o
LOAD Middlewares/Third_Party/LwIP/src/netif/ppp/ipv6cp.o
LOAD Middlewares/Third_Party/LwIP/src/netif/ppp/lcp.o
LOAD Middlewares/Third_Party/LwIP/src/netif/ppp/magic.o
LOAD Middlewares/Third_Party/LwIP/src/netif/ppp/mppe.o
LOAD Middlewares/Third_Party/LwIP/src/netif/ppp/multilink.o
LOAD Middlewares/Third_Party/LwIP/src/netif/ppp/ppp.o
LOAD Middlewares/Third_Party/LwIP/src/netif/ppp/pppapi.o
LOAD Middlewares/Third_Party/LwIP/src/netif/ppp/pppcrypt.o
LOAD Middlewares/Third_Party/LwIP/src/netif/ppp/pppoe.o
LOAD Middlewares/Third_Party/LwIP/src/netif/ppp/pppol2tp.o
LOAD Middlewares/Third_Party/LwIP/src/netif/ppp/pppos.o
LOAD Middlewares/Third_Party/LwIP/src/netif/ppp/upap.o
LOAD Middlewares/Third_Party/LwIP/src/netif/ppp/utils.o
LOAD Middlewares/Third_Party/LwIP/src/netif/ppp/vj.o
LOAD Middlewares/Third_Party/LwIP/system/OS/sys_arch.o
LOAD Src/ethernetif.o
LOAD Src/freertos.o
LOAD Src/lwip.o
LOAD Src/main.o
LOAD Src/stm32f7xx_hal_msp.o
LOAD Src/stm32f7xx_hal_timebase_tim.o
LOAD Src/stm32f7xx_it.o
LOAD Src/system_stm32f7xx.o
LOAD Src/uart.o
LOAD startup/startup_stm32f767xx.o
START GROUP
LOAD /opt/st/stm32cubeide_1.0.0/plugins/com.st.stm32cube.ide.mcu.externaltools.gnu-tools-for-stm32.7-2018-q2-update.linux64_1.0.0.201904181610/tools/bin/../lib/gcc/arm-none-eabi/7.3.1/../../../../arm-none-eabi/lib/thumb/v7e-m/fpv5/hard/libc_nano.a
LOAD /opt/st/stm32cubeide_1.0.0/plugins/com.st.stm32cube.ide.mcu.externaltools.gnu-tools-for-stm32.7-2018-q2-update.linux64_1.0.0.201904181610/tools/bin/../lib/gcc/arm-none-eabi/7.3.1/../../../../arm-none-eabi/lib/thumb/v7e-m/fpv5/hard/libm.a
END GROUP
START GROUP
LOAD /opt/st/stm32cubeide_1.0.0/plugins/com.st.stm32cube.ide.mcu.externaltools.gnu-tools-for-stm32.7-2018-q2-update.linux64_1.0.0.201904181610/tools/bin/../lib/gcc/arm-none-eabi/7.3.1/thumb/v7e-m/fpv5/hard/libgcc.a
LOAD /opt/st/stm32cubeide_1.0.0/plugins/com.st.stm32cube.ide.mcu.externaltools.gnu-tools-for-stm32.7-2018-q2-update.linux64_1.0.0.201904181610/tools/bin/../lib/gcc/arm-none-eabi/7.3.1/../../../../arm-none-eabi/lib/thumb/v7e-m/fpv5/hard/libc_nano.a
END GROUP
START GROUP
LOAD /opt/st/stm32cubeide_1.0.0/plugins/com.st.stm32cube.ide.mcu.externaltools.gnu-tools-for-stm32.7-2018-q2-update.linux64_1.0.0.201904181610/tools/bin/../lib/gcc/arm-none-eabi/7.3.1/thumb/v7e-m/fpv5/hard/libgcc.a
LOAD /opt/st/stm32cubeide_1.0.0/plugins/com.st.stm32cube.ide.mcu.externaltools.gnu-tools-for-stm32.7-2018-q2-update.linux64_1.0.0.201904181610/tools/bin/../lib/gcc/arm-none-eabi/7.3.1/../../../../arm-none-eabi/lib/thumb/v7e-m/fpv5/hard/libc_nano.a
LOAD /opt/st/stm32cubeide_1.0.0/plugins/com.st.stm32cube.ide.mcu.externaltools.gnu-tools-for-stm32.7-2018-q2-update.linux64_1.0.0.201904181610/tools/bin/../lib/gcc/arm-none-eabi/7.3.1/../../../../arm-none-eabi/lib/thumb/v7e-m/fpv5/hard/libnosys.a
END GROUP
START GROUP
LOAD /opt/st/stm32cubeide_1.0.0/plugins/com.st.stm32cube.ide.mcu.externaltools.gnu-tools-for-stm32.7-2018-q2-update.linux64_1.0.0.201904181610/tools/bin/../lib/gcc/arm-none-eabi/7.3.1/thumb/v7e-m/fpv5/hard/libgcc.a
LOAD /opt/st/stm32cubeide_1.0.0/plugins/com.st.stm32cube.ide.mcu.externaltools.gnu-tools-for-stm32.7-2018-q2-update.linux64_1.0.0.201904181610/tools/bin/../lib/gcc/arm-none-eabi/7.3.1/../../../../arm-none-eabi/lib/thumb/v7e-m/fpv5/hard/libc_nano.a
LOAD /opt/st/stm32cubeide_1.0.0/plugins/com.st.stm32cube.ide.mcu.externaltools.gnu-tools-for-stm32.7-2018-q2-update.linux64_1.0.0.201904181610/tools/bin/../lib/gcc/arm-none-eabi/7.3.1/../../../../arm-none-eabi/lib/thumb/v7e-m/fpv5/hard/libnosys.a
END GROUP
LOAD /opt/st/stm32cubeide_1.0.0/plugins/com.st.stm32cube.ide.mcu.externaltools.gnu-tools-for-stm32.7-2018-q2-update.linux64_1.0.0.201904181610/tools/bin/../lib/gcc/arm-none-eabi/7.3.1/thumb/v7e-m/fpv5/hard/crtend.o
LOAD /opt/st/stm32cubeide_1.0.0/plugins/com.st.stm32cube.ide.mcu.externaltools.gnu-tools-for-stm32.7-2018-q2-update.linux64_1.0.0.201904181610/tools/bin/../lib/gcc/arm-none-eabi/7.3.1/thumb/v7e-m/fpv5/hard/crtn.o
                0x0000000020080000                _estack = 0x20080000
                0x0000000000000200                _Min_Heap_Size = 0x200
                0x0000000000000400                _Min_Stack_Size = 0x400

.isr_vector     0x0000000008000000      0x1f8
                0x0000000008000000                . = ALIGN (0x4)
 *(.isr_vector)
 .isr_vector    0x0000000008000000      0x1f8 startup/startup_stm32f767xx.o
                0x0000000008000000                g_pfnVectors
                0x00000000080001f8                . = ALIGN (0x4)

.text           0x0000000008000200     0xdb84
                0x0000000008000200                . = ALIGN (0x4)
 *(.text)
 .text          0x0000000008000200       0x40 /opt/st/stm32cubeide_1.0.0/plugins/com.st.stm32cube.ide.mcu.externaltools.gnu-tools-for-stm32.7-2018-q2-update.linux64_1.0.0.201904181610/tools/bin/../lib/gcc/arm-none-eabi/7.3.1/thumb/v7e-m/fpv5/hard/crtbegin.o
 .text          0x0000000008000240       0x14 /opt/st/stm32cubeide_1.0.0/plugins/com.st.stm32cube.ide.mcu.externaltools.gnu-tools-for-stm32.7-2018-q2-update.linux64_1.0.0.201904181610/tools/bin/../lib/gcc/arm-none-eabi/7.3.1/../../../../arm-none-eabi/lib/thumb/v7e-m/fpv5/hard/libc_nano.a(lib_a-strcmp.o)
                0x0000000008000240                strcmp
 .text          0x0000000008000254       0x10 /opt/st/stm32cubeide_1.0.0/plugins/com.st.stm32cube.ide.mcu.externaltools.gnu-tools-for-stm32.7-2018-q2-update.linux64_1.0.0.201904181610/tools/bin/../lib/gcc/arm-none-eabi/7.3.1/../../../../arm-none-eabi/lib/thumb/v7e-m/fpv5/hard/libc_nano.a(lib_a-strlen.o)
                0x0000000008000254                strlen
 *fill*         0x0000000008000264        0xc 
 .text          0x0000000008000270       0xa0 /opt/st/stm32cubeide_1.0.0/plugins/com.st.stm32cube.ide.mcu.externaltools.gnu-tools-for-stm32.7-2018-q2-update.linux64_1.0.0.201904181610/tools/bin/../lib/gcc/arm-none-eabi/7.3.1/../../../../arm-none-eabi/lib/thumb/v7e-m/fpv5/hard/libc_nano.a(lib_a-memchr.o)
                0x0000000008000270                memchr
 .text          0x0000000008000310       0x30 /opt/st/stm32cubeide_1.0.0/plugins/com.st.stm32cube.ide.mcu.externaltools.gnu-tools-for-stm32.7-2018-q2-update.linux64_1.0.0.201904181610/tools/bin/../lib/gcc/arm-none-eabi/7.3.1/thumb/v7e-m/fpv5/hard/libgcc.a(_aeabi_uldivmod.o)
                0x0000000008000310                __aeabi_uldivmod
 .text          0x0000000008000340      0x2cc /opt/st/stm32cubeide_1.0.0/plugins/com.st.stm32cube.ide.mcu.externaltools.gnu-tools-for-stm32.7-2018-q2-update.linux64_1.0.0.201904181610/tools/bin/../lib/gcc/arm-none-eabi/7.3.1/thumb/v7e-m/fpv5/hard/libgcc.a(_udivmoddi4.o)
                0x0000000008000340                __udivmoddi4
 .text          0x000000000800060c        0x4 /opt/st/stm32cubeide_1.0.0/plugins/com.st.stm32cube.ide.mcu.externaltools.gnu-tools-for-stm32.7-2018-q2-update.linux64_1.0.0.201904181610/tools/bin/../lib/gcc/arm-none-eabi/7.3.1/thumb/v7e-m/fpv5/hard/libgcc.a(_dvmd_tls.o)
                0x000000000800060c                __aeabi_ldiv0
                0x000000000800060c                __aeabi_idiv0
 *(.text*)
 .text.HAL_Init
                0x0000000008000610       0x16 Drivers/STM32F7xx_HAL_Driver/Src/stm32f7xx_hal.o
                0x0000000008000610                HAL_Init
 *fill*         0x0000000008000626        0x2 
 .text.HAL_IncTick
                0x0000000008000628       0x18 Drivers/STM32F7xx_HAL_Driver/Src/stm32f7xx_hal.o
                0x0000000008000628                HAL_IncTick
 .text.HAL_GetTick
                0x0000000008000640        0xc Drivers/STM32F7xx_HAL_Driver/Src/stm32f7xx_hal.o
                0x0000000008000640                HAL_GetTick
 .text.HAL_Delay
                0x000000000800064c       0x28 Drivers/STM32F7xx_HAL_Driver/Src/stm32f7xx_hal.o
                0x000000000800064c                HAL_Delay
 .text.HAL_NVIC_SetPriorityGrouping
                0x0000000008000674       0x24 Drivers/STM32F7xx_HAL_Driver/Src/stm32f7xx_hal_cortex.o
                0x0000000008000674                HAL_NVIC_SetPriorityGrouping
 .text.HAL_NVIC_SetPriority
                0x0000000008000698       0x60 Drivers/STM32F7xx_HAL_Driver/Src/stm32f7xx_hal_cortex.o
                0x0000000008000698                HAL_NVIC_SetPriority
 .text.HAL_NVIC_EnableIRQ
                0x00000000080006f8       0x18 Drivers/STM32F7xx_HAL_Driver/Src/stm32f7xx_hal_cortex.o
                0x00000000080006f8                HAL_NVIC_EnableIRQ
 .text.HAL_DMA_Abort_IT
                0x0000000008000710       0x26 Drivers/STM32F7xx_HAL_Driver/Src/stm32f7xx_hal_dma.o
                0x0000000008000710                HAL_DMA_Abort_IT
 *fill*         0x0000000008000736        0x2 
 .text.ETH_MACAddressConfig
                0x0000000008000738       0x30 Drivers/STM32F7xx_HAL_Driver/Src/stm32f7xx_hal_eth.o
 .text.ETH_DMATransmissionEnable
                0x0000000008000768       0x10 Drivers/STM32F7xx_HAL_Driver/Src/stm32f7xx_hal_eth.o
 .text.ETH_DMAReceptionEnable
                0x0000000008000778       0x10 Drivers/STM32F7xx_HAL_Driver/Src/stm32f7xx_hal_eth.o
 .text.ETH_MACDMAConfig
                0x0000000008000788      0x118 Drivers/STM32F7xx_HAL_Driver/Src/stm32f7xx_hal_eth.o
 .text.ETH_MACTransmissionEnable
                0x00000000080008a0       0x2a Drivers/STM32F7xx_HAL_Driver/Src/stm32f7xx_hal_eth.o
 .text.ETH_MACReceptionEnable
                0x00000000080008ca       0x2a Drivers/STM32F7xx_HAL_Driver/Src/stm32f7xx_hal_eth.o
 .text.ETH_FlushTransmitFIFO
                0x00000000080008f4       0x2e Drivers/STM32F7xx_HAL_Driver/Src/stm32f7xx_hal_eth.o
 .text.HAL_ETH_DMATxDescListInit
                0x0000000008000922       0x72 Drivers/STM32F7xx_HAL_Driver/Src/stm32f7xx_hal_eth.o
                0x0000000008000922                HAL_ETH_DMATxDescListInit
 .text.HAL_ETH_DMARxDescListInit
                0x0000000008000994       0x6c Drivers/STM32F7xx_HAL_Driver/Src/stm32f7xx_hal_eth.o
                0x0000000008000994                HAL_ETH_DMARxDescListInit
 .text.HAL_ETH_TransmitFrame
                0x0000000008000a00      0x124 Drivers/STM32F7xx_HAL_Driver/Src/stm32f7xx_hal_eth.o
                0x0000000008000a00                HAL_ETH_TransmitFrame
 .text.HAL_ETH_GetReceivedFrame_IT
                0x0000000008000b24       0x98 Drivers/STM32F7xx_HAL_Driver/Src/stm32f7xx_hal_eth.o
                0x0000000008000b24                HAL_ETH_GetReceivedFrame_IT
 .text.HAL_ETH_TxCpltCallback
                0x0000000008000bbc        0x2 Drivers/STM32F7xx_HAL_Driver/Src/stm32f7xx_hal_eth.o
                0x0000000008000bbc                HAL_ETH_TxCpltCallback
 .text.HAL_ETH_ErrorCallback
                0x0000000008000bbe        0x2 Drivers/STM32F7xx_HAL_Driver/Src/stm32f7xx_hal_eth.o
                0x0000000008000bbe                HAL_ETH_ErrorCallback
 .text.HAL_ETH_IRQHandler
                0x0000000008000bc0       0x8c Drivers/STM32F7xx_HAL_Driver/Src/stm32f7xx_hal_eth.o
                0x0000000008000bc0                HAL_ETH_IRQHandler
 .text.HAL_ETH_ReadPHYRegister
                0x0000000008000c4c       0x78 Drivers/STM32F7xx_HAL_Driver/Src/stm32f7xx_hal_eth.o
                0x0000000008000c4c                HAL_ETH_ReadPHYRegister
 .text.HAL_ETH_WritePHYRegister
                0x0000000008000cc4       0x74 Drivers/STM32F7xx_HAL_Driver/Src/stm32f7xx_hal_eth.o
                0x0000000008000cc4                HAL_ETH_WritePHYRegister
 .text.HAL_ETH_Init
                0x0000000008000d38      0x254 Drivers/STM32F7xx_HAL_Driver/Src/stm32f7xx_hal_eth.o
                0x0000000008000d38                HAL_ETH_Init
 .text.HAL_ETH_Start
                0x0000000008000f8c       0x44 Drivers/STM32F7xx_HAL_Driver/Src/stm32f7xx_hal_eth.o
                0x0000000008000f8c                HAL_ETH_Start
 .text.HAL_GPIO_Init
                0x0000000008000fd0      0x1dc Drivers/STM32F7xx_HAL_Driver/Src/stm32f7xx_hal_gpio.o
                0x0000000008000fd0                HAL_GPIO_Init
 .text.HAL_GPIO_ReadPin
                0x00000000080011ac        0xe Drivers/STM32F7xx_HAL_Driver/Src/stm32f7xx_hal_gpio.o
                0x00000000080011ac                HAL_GPIO_ReadPin
 .text.HAL_GPIO_WritePin
                0x00000000080011ba        0xc Drivers/STM32F7xx_HAL_Driver/Src/stm32f7xx_hal_gpio.o
                0x00000000080011ba                HAL_GPIO_WritePin
 .text.HAL_GPIO_TogglePin
                0x00000000080011c6        0x8 Drivers/STM32F7xx_HAL_Driver/Src/stm32f7xx_hal_gpio.o
                0x00000000080011c6                HAL_GPIO_TogglePin
 .text.HAL_GPIO_EXTI_Callback
                0x00000000080011ce        0x2 Drivers/STM32F7xx_HAL_Driver/Src/stm32f7xx_hal_gpio.o
                0x00000000080011ce                HAL_GPIO_EXTI_Callback
 .text.HAL_GPIO_EXTI_IRQHandler
                0x00000000080011d0       0x1c Drivers/STM32F7xx_HAL_Driver/Src/stm32f7xx_hal_gpio.o
                0x00000000080011d0                HAL_GPIO_EXTI_IRQHandler
 .text.HAL_PWR_EnableBkUpAccess
                0x00000000080011ec       0x10 Drivers/STM32F7xx_HAL_Driver/Src/stm32f7xx_hal_pwr.o
                0x00000000080011ec                HAL_PWR_EnableBkUpAccess
 .text.HAL_PWREx_EnableOverDrive
                0x00000000080011fc       0x7c Drivers/STM32F7xx_HAL_Driver/Src/stm32f7xx_hal_pwr_ex.o
                0x00000000080011fc                HAL_PWREx_EnableOverDrive
 .text.HAL_RCC_OscConfig
                0x0000000008001278      0x3d4 Drivers/STM32F7xx_HAL_Driver/Src/stm32f7xx_hal_rcc.o
                0x0000000008001278                HAL_RCC_OscConfig
 .text.HAL_RCC_GetSysClockFreq
                0x000000000800164c       0xd4 Drivers/STM32F7xx_HAL_Driver/Src/stm32f7xx_hal_rcc.o
                0x000000000800164c                HAL_RCC_GetSysClockFreq
 .text.HAL_RCC_ClockConfig
                0x0000000008001720      0x164 Drivers/STM32F7xx_HAL_Driver/Src/stm32f7xx_hal_rcc.o
                0x0000000008001720                HAL_RCC_ClockConfig
 .text.HAL_RCC_GetHCLKFreq
                0x0000000008001884        0xc Drivers/STM32F7xx_HAL_Driver/Src/stm32f7xx_hal_rcc.o
                0x0000000008001884                HAL_RCC_GetHCLKFreq
 .text.HAL_RCC_GetPCLK1Freq
                0x0000000008001890       0x20 Drivers/STM32F7xx_HAL_Driver/Src/stm32f7xx_hal_rcc.o
                0x0000000008001890                HAL_RCC_GetPCLK1Freq
 .text.HAL_RCC_GetPCLK2Freq
                0x00000000080018b0       0x20 Drivers/STM32F7xx_HAL_Driver/Src/stm32f7xx_hal_rcc.o
                0x00000000080018b0                HAL_RCC_GetPCLK2Freq
 .text.HAL_RCC_GetClockConfig
                0x00000000080018d0       0x3c Drivers/STM32F7xx_HAL_Driver/Src/stm32f7xx_hal_rcc.o
                0x00000000080018d0                HAL_RCC_GetClockConfig
 .text.HAL_RCCEx_PeriphCLKConfig
                0x000000000800190c      0x608 Drivers/STM32F7xx_HAL_Driver/Src/stm32f7xx_hal_rcc_ex.o
                0x000000000800190c                HAL_RCCEx_PeriphCLKConfig
 .text.HAL_TIM_Base_MspInit
                0x0000000008001f14        0x2 Drivers/STM32F7xx_HAL_Driver/Src/stm32f7xx_hal_tim.o
                0x0000000008001f14                HAL_TIM_Base_MspInit
 .text.HAL_TIM_Base_Start_IT
                0x0000000008001f16       0x18 Drivers/STM32F7xx_HAL_Driver/Src/stm32f7xx_hal_tim.o
                0x0000000008001f16                HAL_TIM_Base_Start_IT
 .text.HAL_TIM_OC_DelayElapsedCallback
                0x0000000008001f2e        0x2 Drivers/STM32F7xx_HAL_Driver/Src/stm32f7xx_hal_tim.o
                0x0000000008001f2e                HAL_TIM_OC_DelayElapsedCallback
 .text.HAL_TIM_IC_CaptureCallback
                0x0000000008001f30        0x2 Drivers/STM32F7xx_HAL_Driver/Src/stm32f7xx_hal_tim.o
                0x0000000008001f30                HAL_TIM_IC_CaptureCallback
 .text.HAL_TIM_PWM_PulseFinishedCallback
                0x0000000008001f32        0x2 Drivers/STM32F7xx_HAL_Driver/Src/stm32f7xx_hal_tim.o
                0x0000000008001f32                HAL_TIM_PWM_PulseFinishedCallback
 .text.HAL_TIM_TriggerCallback
                0x0000000008001f34        0x2 Drivers/STM32F7xx_HAL_Driver/Src/stm32f7xx_hal_tim.o
                0x0000000008001f34                HAL_TIM_TriggerCallback
 .text.HAL_TIM_IRQHandler
                0x0000000008001f36      0x19a Drivers/STM32F7xx_HAL_Driver/Src/stm32f7xx_hal_tim.o
                0x0000000008001f36                HAL_TIM_IRQHandler
 .text.TIM_Base_SetConfig
                0x00000000080020d0      0x140 Drivers/STM32F7xx_HAL_Driver/Src/stm32f7xx_hal_tim.o
                0x00000000080020d0                TIM_Base_SetConfig
 .text.HAL_TIM_Base_Init
                0x0000000008002210       0x32 Drivers/STM32F7xx_HAL_Driver/Src/stm32f7xx_hal_tim.o
                0x0000000008002210                HAL_TIM_Base_Init
 .text.HAL_TIMEx_CommutationCallback
                0x0000000008002242        0x2 Drivers/STM32F7xx_HAL_Driver/Src/stm32f7xx_hal_tim_ex.o
                0x0000000008002242                HAL_TIMEx_CommutationCallback
 .text.HAL_TIMEx_BreakCallback
                0x0000000008002244        0x2 Drivers/STM32F7xx_HAL_Driver/Src/stm32f7xx_hal_tim_ex.o
                0x0000000008002244                HAL_TIMEx_BreakCallback
 .text.UART_Transmit_IT
                0x0000000008002246       0x6e Drivers/STM32F7xx_HAL_Driver/Src/stm32f7xx_hal_uart.o
 .text.UART_EndRxTransfer
                0x00000000080022b4       0x1c Drivers/STM32F7xx_HAL_Driver/Src/stm32f7xx_hal_uart.o
 .text.HAL_UART_Transmit_IT
                0x00000000080022d0       0x4c Drivers/STM32F7xx_HAL_Driver/Src/stm32f7xx_hal_uart.o
                0x00000000080022d0                HAL_UART_Transmit_IT
 .text.UART_WaitOnFlagUntilTimeout
                0x000000000800231c       0x64 Drivers/STM32F7xx_HAL_Driver/Src/stm32f7xx_hal_uart.o
                0x000000000800231c                UART_WaitOnFlagUntilTimeout
 .text.UART_EndTransmit_IT
                0x0000000008002380       0x1a Drivers/STM32F7xx_HAL_Driver/Src/stm32f7xx_hal_uart.o
 .text.HAL_UART_RxCpltCallback
                0x000000000800239a        0x2 Drivers/STM32F7xx_HAL_Driver/Src/stm32f7xx_hal_uart.o
                0x000000000800239a                HAL_UART_RxCpltCallback
 .text.UART_Receive_IT
                0x000000000800239c       0x84 Drivers/STM32F7xx_HAL_Driver/Src/stm32f7xx_hal_uart.o
 .text.HAL_UART_ErrorCallback
                0x0000000008002420        0x2 Drivers/STM32F7xx_HAL_Driver/Src/stm32f7xx_hal_uart.o
                0x0000000008002420                HAL_UART_ErrorCallback
 *fill*         0x0000000008002422        0x2 
 .text.HAL_UART_IRQHandler
                0x0000000008002424      0x138 Drivers/STM32F7xx_HAL_Driver/Src/stm32f7xx_hal_uart.o
                0x0000000008002424                HAL_UART_IRQHandler
 .text.UART_DMAAbortOnError
                0x000000000800255c       0x14 Drivers/STM32F7xx_HAL_Driver/Src/stm32f7xx_hal_uart.o
 .text.UART_SetConfig
                0x0000000008002570      0x360 Drivers/STM32F7xx_HAL_Driver/Src/stm32f7xx_hal_uart.o
                0x0000000008002570                UART_SetConfig
 .text.UART_AdvFeatureConfig
                0x00000000080028d0       0xca Drivers/STM32F7xx_HAL_Driver/Src/stm32f7xx_hal_uart.o
                0x00000000080028d0                UART_AdvFeatureConfig
 .text.UART_CheckIdleState
                0x000000000800299a       0x48 Drivers/STM32F7xx_HAL_Driver/Src/stm32f7xx_hal_uart.o
                0x000000000800299a                UART_CheckIdleState
 .text.HAL_UART_Init
                0x00000000080029e2       0x68 Drivers/STM32F7xx_HAL_Driver/Src/stm32f7xx_hal_uart.o
                0x00000000080029e2                HAL_UART_Init
 .text.makeFreeRtosPriority
                0x0000000008002a4a        0xc Middlewares/Third_Party/FreeRTOS/Source/CMSIS_RTOS/cmsis_os.o
 .text.inHandlerMode
                0x0000000008002a56        0xc Middlewares/Third_Party/FreeRTOS/Source/CMSIS_RTOS/cmsis_os.o
 .text.osKernelStart
                0x0000000008002a62        0xa Middlewares/Third_Party/FreeRTOS/Source/CMSIS_RTOS/cmsis_os.o
                0x0000000008002a62                osKernelStart
 .text.osKernelSysTick
                0x0000000008002a6c       0x14 Middlewares/Third_Party/FreeRTOS/Source/CMSIS_RTOS/cmsis_os.o
                0x0000000008002a6c                osKernelSysTick
 .text.osThreadCreate
                0x0000000008002a80       0x34 Middlewares/Third_Party/FreeRTOS/Source/CMSIS_RTOS/cmsis_os.o
                0x0000000008002a80                osThreadCreate
 .text.osDelay  0x0000000008002ab4       0x12 Middlewares/Third_Party/FreeRTOS/Source/CMSIS_RTOS/cmsis_os.o
                0x0000000008002ab4                osDelay
 .text.osMutexCreate
                0x0000000008002ac6        0xa Middlewares/Third_Party/FreeRTOS/Source/CMSIS_RTOS/cmsis_os.o
                0x0000000008002ac6                osMutexCreate
 .text.osMutexWait
                0x0000000008002ad0       0x74 Middlewares/Third_Party/FreeRTOS/Source/CMSIS_RTOS/cmsis_os.o
                0x0000000008002ad0                osMutexWait
 .text.osMutexRelease
                0x0000000008002b44       0x5c Middlewares/Third_Party/FreeRTOS/Source/CMSIS_RTOS/cmsis_os.o
                0x0000000008002b44                osMutexRelease
 .text.osSemaphoreCreate
                0x0000000008002ba0       0x26 Middlewares/Third_Party/FreeRTOS/Source/CMSIS_RTOS/cmsis_os.o
                0x0000000008002ba0                osSemaphoreCreate
 *fill*         0x0000000008002bc6        0x2 
 .text.osSemaphoreWait
                0x0000000008002bc8       0x74 Middlewares/Third_Party/FreeRTOS/Source/CMSIS_RTOS/cmsis_os.o
                0x0000000008002bc8                osSemaphoreWait
 .text.osSemaphoreRelease
                0x0000000008002c3c       0x5c Middlewares/Third_Party/FreeRTOS/Source/CMSIS_RTOS/cmsis_os.o
                0x0000000008002c3c                osSemaphoreRelease
 .text.osMessageCreate
                0x0000000008002c98        0xe Middlewares/Third_Party/FreeRTOS/Source/CMSIS_RTOS/cmsis_os.o
                0x0000000008002c98                osMessageCreate
 *fill*         0x0000000008002ca6        0x2 
 .text.osMessagePut
                0x0000000008002ca8       0x68 Middlewares/Third_Party/FreeRTOS/Source/CMSIS_RTOS/cmsis_os.o
                0x0000000008002ca8                osMessagePut
 .text.osMessageGet
                0x0000000008002d10       0xa0 Middlewares/Third_Party/FreeRTOS/Source/CMSIS_RTOS/cmsis_os.o
                0x0000000008002d10                osMessageGet
 .text.vListInitialise
                0x0000000008002db0       0x16 Middlewares/Third_Party/FreeRTOS/Source/list.o
                0x0000000008002db0                vListInitialise
 .text.vListInitialiseItem
                0x0000000008002dc6        0x6 Middlewares/Third_Party/FreeRTOS/Source/list.o
                0x0000000008002dc6                vListInitialiseItem
 .text.vListInsertEnd
                0x0000000008002dcc       0x18 Middlewares/Third_Party/FreeRTOS/Source/list.o
                0x0000000008002dcc                vListInsertEnd
 .text.vListInsert
                0x0000000008002de4       0x34 Middlewares/Third_Party/FreeRTOS/Source/list.o
                0x0000000008002de4                vListInsert
 .text.uxListRemove
                0x0000000008002e18       0x26 Middlewares/Third_Party/FreeRTOS/Source/list.o
                0x0000000008002e18                uxListRemove
 .text.prvIsQueueFull
                0x0000000008002e3e       0x1e Middlewares/Third_Party/FreeRTOS/Source/queue.o
 .text.prvIsQueueEmpty
                0x0000000008002e5c       0x1a Middlewares/Third_Party/FreeRTOS/Source/queue.o
 .text.prvCopyDataToQueue
                0x0000000008002e76       0x76 Middlewares/Third_Party/FreeRTOS/Source/queue.o
 .text.prvCopyDataFromQueue
                0x0000000008002eec       0x24 Middlewares/Third_Party/FreeRTOS/Source/queue.o
 .text.prvUnlockQueue
                0x0000000008002f10       0x6e Middlewares/Third_Party/FreeRTOS/Source/queue.o
 *fill*         0x0000000008002f7e        0x2 
 .text.xQueueGenericReset
                0x0000000008002f80       0x84 Middlewares/Third_Party/FreeRTOS/Source/queue.o
                0x0000000008002f80                xQueueGenericReset
 .text.prvInitialiseNewQueue
                0x0000000008003004       0x1c Middlewares/Third_Party/FreeRTOS/Source/queue.o
 .text.xQueueGenericCreate
                0x0000000008003020       0x4c Middlewares/Third_Party/FreeRTOS/Source/queue.o
                0x0000000008003020                xQueueGenericCreate
 .text.xQueueGenericSend
                0x000000000800306c      0x198 Middlewares/Third_Party/FreeRTOS/Source/queue.o
                0x000000000800306c                xQueueGenericSend
 .text.prvInitialiseMutex
                0x0000000008003204       0x18 Middlewares/Third_Party/FreeRTOS/Source/queue.o
 .text.xQueueCreateMutex
                0x000000000800321c       0x16 Middlewares/Third_Party/FreeRTOS/Source/queue.o
                0x000000000800321c                xQueueCreateMutex
 .text.xQueueGenericSendFromISR
                0x0000000008003232       0xee Middlewares/Third_Party/FreeRTOS/Source/queue.o
                0x0000000008003232                xQueueGenericSendFromISR
 .text.xQueueGiveFromISR
                0x0000000008003320       0xcc Middlewares/Third_Party/FreeRTOS/Source/queue.o
                0x0000000008003320                xQueueGiveFromISR
 .text.xQueueGenericReceive
                0x00000000080033ec      0x1bc Middlewares/Third_Party/FreeRTOS/Source/queue.o
                0x00000000080033ec                xQueueGenericReceive
 .text.xQueueReceiveFromISR
                0x00000000080035a8       0xc2 Middlewares/Third_Party/FreeRTOS/Source/queue.o
                0x00000000080035a8                xQueueReceiveFromISR
 .text.uxQueueMessagesWaiting
                0x000000000800366a       0x2a Middlewares/Third_Party/FreeRTOS/Source/queue.o
                0x000000000800366a                uxQueueMessagesWaiting
 .text.prvResetNextTaskUnblockTime
                0x0000000008003694       0x34 Middlewares/Third_Party/FreeRTOS/Source/tasks.o
 .text.prvDeleteTCB
                0x00000000080036c8       0x12 Middlewares/Third_Party/FreeRTOS/Source/tasks.o
 .text.prvInitialiseNewTask
                0x00000000080036da       0x80 Middlewares/Third_Party/FreeRTOS/Source/tasks.o
 *fill*         0x000000000800375a        0x2 
 .text.prvInitialiseTaskLists
                0x000000000800375c       0x68 Middlewares/Third_Party/FreeRTOS/Source/tasks.o
 .text.prvAddNewTaskToReadyList
                0x00000000080037c4       0xa8 Middlewares/Third_Party/FreeRTOS/Source/tasks.o
 .text.prvAddCurrentTaskToDelayedList
                0x000000000800386c       0xa0 Middlewares/Third_Party/FreeRTOS/Source/tasks.o
 .text.xTaskCreate
                0x000000000800390c       0x62 Middlewares/Third_Party/FreeRTOS/Source/tasks.o
                0x000000000800390c                xTaskCreate
 *fill*         0x000000000800396e        0x2 
 .text.vTaskDelete
                0x0000000008003970       0xe4 Middlewares/Third_Party/FreeRTOS/Source/tasks.o
                0x0000000008003970                vTaskDelete
 .text.vTaskStartScheduler
                0x0000000008003a54       0x84 Middlewares/Third_Party/FreeRTOS/Source/tasks.o
                0x0000000008003a54                vTaskStartScheduler
 .text.vTaskSuspendAll
                0x0000000008003ad8       0x10 Middlewares/Third_Party/FreeRTOS/Source/tasks.o
                0x0000000008003ad8                vTaskSuspendAll
 .text.xTaskGetTickCount
                0x0000000008003ae8        0xc Middlewares/Third_Party/FreeRTOS/Source/tasks.o
                0x0000000008003ae8                xTaskGetTickCount
 .text.xTaskGetTickCountFromISR
                0x0000000008003af4       0x10 Middlewares/Third_Party/FreeRTOS/Source/tasks.o
                0x0000000008003af4                xTaskGetTickCountFromISR
 .text.xTaskIncrementTick
                0x0000000008003b04      0x124 Middlewares/Third_Party/FreeRTOS/Source/tasks.o
                0x0000000008003b04                xTaskIncrementTick
 .text.xTaskResumeAll
                0x0000000008003c28      0x100 Middlewares/Third_Party/FreeRTOS/Source/tasks.o
                0x0000000008003c28                xTaskResumeAll
 .text.vTaskDelay
                0x0000000008003d28       0x54 Middlewares/Third_Party/FreeRTOS/Source/tasks.o
                0x0000000008003d28                vTaskDelay
 .text.prvCheckTasksWaitingTermination
                0x0000000008003d7c       0x5c Middlewares/Third_Party/FreeRTOS/Source/tasks.o
 .text.prvIdleTask
                0x0000000008003dd8       0x28 Middlewares/Third_Party/FreeRTOS/Source/tasks.o
 .text.vTaskSwitchContext
                0x0000000008003e00       0xa0 Middlewares/Third_Party/FreeRTOS/Source/tasks.o
                0x0000000008003e00                vTaskSwitchContext
 .text.vTaskPlaceOnEventList
                0x0000000008003ea0       0x34 Middlewares/Third_Party/FreeRTOS/Source/tasks.o
                0x0000000008003ea0                vTaskPlaceOnEventList
 .text.xTaskRemoveFromEventList
                0x0000000008003ed4       0x90 Middlewares/Third_Party/FreeRTOS/Source/tasks.o
                0x0000000008003ed4                xTaskRemoveFromEventList
 .text.vTaskSetTimeOutState
                0x0000000008003f64       0x30 Middlewares/Third_Party/FreeRTOS/Source/tasks.o
                0x0000000008003f64                vTaskSetTimeOutState
 .text.xTaskCheckForTimeOut
                0x0000000008003f94       0x88 Middlewares/Third_Party/FreeRTOS/Source/tasks.o
                0x0000000008003f94                xTaskCheckForTimeOut
 .text.vTaskMissedYield
                0x000000000800401c        0xc Middlewares/Third_Party/FreeRTOS/Source/tasks.o
                0x000000000800401c                vTaskMissedYield
 .text.xTaskGetSchedulerState
                0x0000000008004028       0x20 Middlewares/Third_Party/FreeRTOS/Source/tasks.o
                0x0000000008004028                xTaskGetSchedulerState
 .text.vTaskPriorityInherit
                0x0000000008004048       0xa4 Middlewares/Third_Party/FreeRTOS/Source/tasks.o
                0x0000000008004048                vTaskPriorityInherit
 .text.xTaskPriorityDisinherit
                0x00000000080040ec       0xbc Middlewares/Third_Party/FreeRTOS/Source/tasks.o
                0x00000000080040ec                xTaskPriorityDisinherit
 .text.pvTaskIncrementMutexHeldCount
                0x00000000080041a8       0x1c Middlewares/Third_Party/FreeRTOS/Source/tasks.o
                0x00000000080041a8                pvTaskIncrementMutexHeldCount
 .text.prvTaskExitError
                0x00000000080041c4       0x3c Middlewares/Third_Party/FreeRTOS/Source/portable/GCC/ARM_CM7/r0p1/port.o
 .text.prvPortStartFirstTask
                0x0000000008004200       0x20 Middlewares/Third_Party/FreeRTOS/Source/portable/GCC/ARM_CM7/r0p1/port.o
 .text.vPortEnableVFP
                0x0000000008004220       0x14 Middlewares/Third_Party/FreeRTOS/Source/portable/GCC/ARM_CM7/r0p1/port.o
 .text.pxPortInitialiseStack
                0x0000000008004234       0x2c Middlewares/Third_Party/FreeRTOS/Source/portable/GCC/ARM_CM7/r0p1/port.o
                0x0000000008004234                pxPortInitialiseStack
 .text.SVC_Handler
                0x0000000008004260       0x24 Middlewares/Third_Party/FreeRTOS/Source/portable/GCC/ARM_CM7/r0p1/port.o
                0x0000000008004260                SVC_Handler
 .text.vPortEnterCritical
                0x0000000008004284       0x4c Middlewares/Third_Party/FreeRTOS/Source/portable/GCC/ARM_CM7/r0p1/port.o
                0x0000000008004284                vPortEnterCritical
 .text.vPortExitCritical
                0x00000000080042d0       0x30 Middlewares/Third_Party/FreeRTOS/Source/portable/GCC/ARM_CM7/r0p1/port.o
                0x00000000080042d0                vPortExitCritical
 .text.PendSV_Handler
                0x0000000008004300       0x64 Middlewares/Third_Party/FreeRTOS/Source/portable/GCC/ARM_CM7/r0p1/port.o
                0x0000000008004300                PendSV_Handler
 .text.SysTick_Handler
                0x0000000008004364       0x30 Middlewares/Third_Party/FreeRTOS/Source/portable/GCC/ARM_CM7/r0p1/port.o
                0x0000000008004364                SysTick_Handler
 .text.vPortSetupTimerInterrupt
                0x0000000008004394       0x2c Middlewares/Third_Party/FreeRTOS/Source/portable/GCC/ARM_CM7/r0p1/port.o
                0x0000000008004394                vPortSetupTimerInterrupt
 .text.xPortStartScheduler
                0x00000000080043c0       0xa8 Middlewares/Third_Party/FreeRTOS/Source/portable/GCC/ARM_CM7/r0p1/port.o
                0x00000000080043c0                xPortStartScheduler
 .text.vPortValidateInterruptPriority
                0x0000000008004468       0x64 Middlewares/Third_Party/FreeRTOS/Source/portable/GCC/ARM_CM7/r0p1/port.o
                0x0000000008004468                vPortValidateInterruptPriority
 .text.prvHeapInit
                0x00000000080044cc       0x64 Middlewares/Third_Party/FreeRTOS/Source/portable/MemMang/heap_4.o
 .text.prvInsertBlockIntoFreeList
                0x0000000008004530       0x58 Middlewares/Third_Party/FreeRTOS/Source/portable/MemMang/heap_4.o
 .text.pvPortMalloc
                0x0000000008004588      0x114 Middlewares/Third_Party/FreeRTOS/Source/portable/MemMang/heap_4.o
                0x0000000008004588                pvPortMalloc
 .text.vPortFree
                0x000000000800469c       0x78 Middlewares/Third_Party/FreeRTOS/Source/portable/MemMang/heap_4.o
                0x000000000800469c                vPortFree
 .text.tcpip_thread
                0x0000000008004714       0xa4 Middlewares/Third_Party/LwIP/src/api/tcpip.o
 .text.tcpip_inpkt
                0x00000000080047b8       0x68 Middlewares/Third_Party/LwIP/src/api/tcpip.o
                0x00000000080047b8                tcpip_inpkt
 .text.tcpip_input
                0x0000000008004820       0x24 Middlewares/Third_Party/LwIP/src/api/tcpip.o
                0x0000000008004820                tcpip_input
 .text.tcpip_callback_with_block
                0x0000000008004844       0x74 Middlewares/Third_Party/LwIP/src/api/tcpip.o
                0x0000000008004844                tcpip_callback_with_block
 .text.tcpip_init
                0x00000000080048b8       0x84 Middlewares/Third_Party/LwIP/src/api/tcpip.o
                0x00000000080048b8                tcpip_init
 .text.lwip_htons
                0x000000000800493c        0x6 Middlewares/Third_Party/LwIP/src/core/def.o
                0x000000000800493c                lwip_htons
 .text.lwip_htonl
                0x0000000008004942       0x18 Middlewares/Third_Party/LwIP/src/core/def.o
                0x0000000008004942                lwip_htonl
 .text.lwip_init
                0x000000000800495a       0x20 Middlewares/Third_Party/LwIP/src/core/init.o
                0x000000000800495a                lwip_init
 *fill*         0x000000000800497a        0x2 
 .text.plug_holes
                0x000000000800497c       0xe0 Middlewares/Third_Party/LwIP/src/core/mem.o
 .text.mem_init
                0x0000000008004a5c       0x68 Middlewares/Third_Party/LwIP/src/core/mem.o
                0x0000000008004a5c                mem_init
 .text.mem_free
                0x0000000008004ac4       0xbc Middlewares/Third_Party/LwIP/src/core/mem.o
                0x0000000008004ac4                mem_free
 .text.mem_trim
                0x0000000008004b80      0x138 Middlewares/Third_Party/LwIP/src/core/mem.o
                0x0000000008004b80                mem_trim
 .text.mem_malloc
                0x0000000008004cb8      0x154 Middlewares/Third_Party/LwIP/src/core/mem.o
                0x0000000008004cb8                mem_malloc
 .text.do_memp_malloc_pool
                0x0000000008004e0c       0x48 Middlewares/Third_Party/LwIP/src/core/memp.o
 .text.do_memp_free_pool
                0x0000000008004e54       0x3c Middlewares/Third_Party/LwIP/src/core/memp.o
 .text.memp_init_pool
                0x0000000008004e90       0x28 Middlewares/Third_Party/LwIP/src/core/memp.o
                0x0000000008004e90                memp_init_pool
 .text.memp_init
                0x0000000008004eb8       0x20 Middlewares/Third_Party/LwIP/src/core/memp.o
                0x0000000008004eb8                memp_init
 .text.memp_malloc
                0x0000000008004ed8       0x34 Middlewares/Third_Party/LwIP/src/core/memp.o
                0x0000000008004ed8                memp_malloc
 .text.memp_free
                0x0000000008004f0c       0x34 Middlewares/Third_Party/LwIP/src/core/memp.o
                0x0000000008004f0c                memp_free
 .text.netif_issue_reports
                0x0000000008004f40       0x22 Middlewares/Third_Party/LwIP/src/core/netif.o
 .text.netif_init
                0x0000000008004f62        0x2 Middlewares/Third_Party/LwIP/src/core/netif.o
                0x0000000008004f62                netif_init
 .text.netif_set_ipaddr
                0x0000000008004f64       0x4c Middlewares/Third_Party/LwIP/src/core/netif.o
                0x0000000008004f64                netif_set_ipaddr
 .text.netif_set_gw
                0x0000000008004fb0        0xc Middlewares/Third_Party/LwIP/src/core/netif.o
                0x0000000008004fb0                netif_set_gw
 .text.netif_set_netmask
                0x0000000008004fbc        0xc Middlewares/Third_Party/LwIP/src/core/netif.o
                0x0000000008004fbc                netif_set_netmask
 .text.netif_set_addr
                0x0000000008004fc8       0x42 Middlewares/Third_Party/LwIP/src/core/netif.o
                0x0000000008004fc8                netif_set_addr
 *fill*         0x000000000800500a        0x2 
 .text.netif_add
                0x000000000800500c       0x80 Middlewares/Third_Party/LwIP/src/core/netif.o
                0x000000000800500c                netif_add
 .text.netif_set_default
                0x000000000800508c        0xc Middlewares/Third_Party/LwIP/src/core/netif.o
                0x000000000800508c                netif_set_default
 .text.netif_set_up
                0x0000000008005098       0x24 Middlewares/Third_Party/LwIP/src/core/netif.o
                0x0000000008005098                netif_set_up
 .text.netif_set_down
                0x00000000080050bc       0x22 Middlewares/Third_Party/LwIP/src/core/netif.o
                0x00000000080050bc                netif_set_down
 *fill*         0x00000000080050de        0x2 
 .text.pbuf_header_impl
                0x00000000080050e0       0xcc Middlewares/Third_Party/LwIP/src/core/pbuf.o
 .text.pbuf_pool_is_empty
                0x00000000080051ac       0x40 Middlewares/Third_Party/LwIP/src/core/pbuf.o
 .text.pbuf_free_ooseq
                0x00000000080051ec       0x34 Middlewares/Third_Party/LwIP/src/core/pbuf.o
 .text.pbuf_free_ooseq_callback
                0x0000000008005220        0x8 Middlewares/Third_Party/LwIP/src/core/pbuf.o
 .text.pbuf_alloced_custom
                0x0000000008005228       0x78 Middlewares/Third_Party/LwIP/src/core/pbuf.o
                0x0000000008005228                pbuf_alloced_custom
 .text.pbuf_header
                0x00000000080052a0        0xa Middlewares/Third_Party/LwIP/src/core/pbuf.o
                0x00000000080052a0                pbuf_header
 .text.pbuf_header_force
                0x00000000080052aa        0xa Middlewares/Third_Party/LwIP/src/core/pbuf.o
                0x00000000080052aa                pbuf_header_force
 .text.pbuf_free
                0x00000000080052b4       0xd8 Middlewares/Third_Party/LwIP/src/core/pbuf.o
                0x00000000080052b4                pbuf_free
 .text.pbuf_alloc
                0x000000000800538c      0x1d0 Middlewares/Third_Party/LwIP/src/core/pbuf.o
                0x000000000800538c                pbuf_alloc
 .text.pbuf_realloc
                0x000000000800555c       0xe4 Middlewares/Third_Party/LwIP/src/core/pbuf.o
                0x000000000800555c                pbuf_realloc
 .text.pbuf_clen
                0x0000000008005640       0x12 Middlewares/Third_Party/LwIP/src/core/pbuf.o
                0x0000000008005640                pbuf_clen
 *fill*         0x0000000008005652        0x2 
 .text.pbuf_ref
                0x0000000008005654       0x38 Middlewares/Third_Party/LwIP/src/core/pbuf.o
                0x0000000008005654                pbuf_ref
 .text.pbuf_cat
                0x000000000800568c       0x78 Middlewares/Third_Party/LwIP/src/core/pbuf.o
                0x000000000800568c                pbuf_cat
 .text.pbuf_chain
                0x0000000008005704       0x10 Middlewares/Third_Party/LwIP/src/core/pbuf.o
                0x0000000008005704                pbuf_chain
 .text.pbuf_copy
                0x0000000008005714      0x140 Middlewares/Third_Party/LwIP/src/core/pbuf.o
                0x0000000008005714                pbuf_copy
 .text.pbuf_copy_partial
                0x0000000008005854       0x8c Middlewares/Third_Party/LwIP/src/core/pbuf.o
                0x0000000008005854                pbuf_copy_partial
 .text.tcp_remove_listener
                0x00000000080058e0       0x14 Middlewares/Third_Party/LwIP/src/core/tcp.o
 .text.tcp_listen_closed
                0x00000000080058f4       0x54 Middlewares/Third_Party/LwIP/src/core/tcp.o
 .text.tcp_close_shutdown_fin
                0x0000000008005948       0x88 Middlewares/Third_Party/LwIP/src/core/tcp.o
 .text.tcp_init
                0x00000000080059d0        0x2 Middlewares/Third_Party/LwIP/src/core/tcp.o
                0x00000000080059d0                tcp_init
 *fill*         0x00000000080059d2        0x2 
 .text.tcp_update_rcv_ann_wnd
                0x00000000080059d4       0x60 Middlewares/Third_Party/LwIP/src/core/tcp.o
                0x00000000080059d4                tcp_update_rcv_ann_wnd
 .text.tcp_recved
                0x0000000008005a34       0x84 Middlewares/Third_Party/LwIP/src/core/tcp.o
                0x0000000008005a34                tcp_recved
 .text.tcp_seg_free
                0x0000000008005ab8       0x1a Middlewares/Third_Party/LwIP/src/core/tcp.o
                0x0000000008005ab8                tcp_seg_free
 .text.tcp_segs_free
                0x0000000008005ad2       0x14 Middlewares/Third_Party/LwIP/src/core/tcp.o
                0x0000000008005ad2                tcp_segs_free
 .text.tcp_seg_copy
                0x0000000008005ae6       0x28 Middlewares/Third_Party/LwIP/src/core/tcp.o
                0x0000000008005ae6                tcp_seg_copy
 .text.tcp_pcb_purge
                0x0000000008005b0e       0x44 Middlewares/Third_Party/LwIP/src/core/tcp.o
                0x0000000008005b0e                tcp_pcb_purge
 *fill*         0x0000000008005b52        0x2 
 .text.tcp_slowtmr
                0x0000000008005b54      0x408 Middlewares/Third_Party/LwIP/src/core/tcp.o
                0x0000000008005b54                tcp_slowtmr
 .text.tcp_pcb_remove
                0x0000000008005f5c       0xa4 Middlewares/Third_Party/LwIP/src/core/tcp.o
                0x0000000008005f5c                tcp_pcb_remove
 .text.tcp_close_shutdown
                0x0000000008006000      0x154 Middlewares/Third_Party/LwIP/src/core/tcp.o
 .text.tcp_close
                0x0000000008006154       0x18 Middlewares/Third_Party/LwIP/src/core/tcp.o
                0x0000000008006154                tcp_close
 .text.tcp_recv_null
                0x000000000800616c       0x24 Middlewares/Third_Party/LwIP/src/core/tcp.o
                0x000000000800616c                tcp_recv_null
 .text.tcp_process_refused_data
                0x0000000008006190       0x6e Middlewares/Third_Party/LwIP/src/core/tcp.o
                0x0000000008006190                tcp_process_refused_data
 *fill*         0x00000000080061fe        0x2 
 .text.tcp_fasttmr
                0x0000000008006200       0x80 Middlewares/Third_Party/LwIP/src/core/tcp.o
                0x0000000008006200                tcp_fasttmr
 .text.tcp_tmr  0x0000000008006280       0x24 Middlewares/Third_Party/LwIP/src/core/tcp.o
                0x0000000008006280                tcp_tmr
 .text.tcp_abandon
                0x00000000080062a4       0xf8 Middlewares/Third_Party/LwIP/src/core/tcp.o
                0x00000000080062a4                tcp_abandon
 .text.tcp_abort
                0x000000000800639c        0xa Middlewares/Third_Party/LwIP/src/core/tcp.o
                0x000000000800639c                tcp_abort
 *fill*         0x00000000080063a6        0x2 
 .text.tcp_kill_timewait
                0x00000000080063a8       0x34 Middlewares/Third_Party/LwIP/src/core/tcp.o
 .text.tcp_kill_prio
                0x00000000080063dc       0x44 Middlewares/Third_Party/LwIP/src/core/tcp.o
 .text.tcp_netif_ip_addr_changed_pcblist
                0x0000000008006420       0x20 Middlewares/Third_Party/LwIP/src/core/tcp.o
 .text.tcp_kill_state
                0x0000000008006440       0x60 Middlewares/Third_Party/LwIP/src/core/tcp.o
 .text.tcp_alloc
                0x00000000080064a0       0xc0 Middlewares/Third_Party/LwIP/src/core/tcp.o
                0x00000000080064a0                tcp_alloc
 .text.tcp_next_iss
                0x0000000008006560       0x18 Middlewares/Third_Party/LwIP/src/core/tcp.o
                0x0000000008006560                tcp_next_iss
 .text.tcp_eff_send_mss_impl
                0x0000000008006578       0x24 Middlewares/Third_Party/LwIP/src/core/tcp.o
                0x0000000008006578                tcp_eff_send_mss_impl
 .text.tcp_netif_ip_addr_changed
                0x000000000800659c       0x54 Middlewares/Third_Party/LwIP/src/core/tcp.o
                0x000000000800659c                tcp_netif_ip_addr_changed
 .text.tcp_getoptbyte
                0x00000000080065f0       0x4c Middlewares/Third_Party/LwIP/src/core/tcp_in.o
 .text.tcp_parseopt
                0x000000000800663c       0x88 Middlewares/Third_Party/LwIP/src/core/tcp_in.o
 .text.tcp_input_delayed_close
                0x00000000080066c4       0x44 Middlewares/Third_Party/LwIP/src/core/tcp_in.o
 .text.tcp_timewait_input
                0x0000000008006708       0x90 Middlewares/Third_Party/LwIP/src/core/tcp_in.o
 .text.tcp_listen_input
                0x0000000008006798      0x118 Middlewares/Third_Party/LwIP/src/core/tcp_in.o
 .text.tcp_oos_insert_segment
                0x00000000080068b0       0x84 Middlewares/Third_Party/LwIP/src/core/tcp_in.o
 .text.tcp_receive
                0x0000000008006934      0xa48 Middlewares/Third_Party/LwIP/src/core/tcp_in.o
 .text.tcp_process
                0x000000000800737c      0x538 Middlewares/Third_Party/LwIP/src/core/tcp_in.o
 .text.tcp_input
                0x00000000080078b4      0x534 Middlewares/Third_Party/LwIP/src/core/tcp_in.o
                0x00000000080078b4                tcp_input
 .text.tcp_trigger_input_pcb_close
                0x0000000008007de8       0x10 Middlewares/Third_Party/LwIP/src/core/tcp_in.o
                0x0000000008007de8                tcp_trigger_input_pcb_close
 .text.tcp_create_segment
                0x0000000008007df8       0xc0 Middlewares/Third_Party/LwIP/src/core/tcp_out.o
 .text.tcp_output_alloc_header
                0x0000000008007eb8       0x94 Middlewares/Third_Party/LwIP/src/core/tcp_out.o
 .text.tcp_output_segment
                0x0000000008007f4c       0xbc Middlewares/Third_Party/LwIP/src/core/tcp_out.o
 .text.tcp_enqueue_flags
                0x0000000008008008      0x168 Middlewares/Third_Party/LwIP/src/core/tcp_out.o
                0x0000000008008008                tcp_enqueue_flags
 .text.tcp_send_fin
                0x0000000008008170       0x44 Middlewares/Third_Party/LwIP/src/core/tcp_out.o
                0x0000000008008170                tcp_send_fin
 .text.tcp_send_empty_ack
                0x00000000080081b4       0x72 Middlewares/Third_Party/LwIP/src/core/tcp_out.o
                0x00000000080081b4                tcp_send_empty_ack
 *fill*         0x0000000008008226        0x2 
 .text.tcp_output
                0x0000000008008228      0x2b8 Middlewares/Third_Party/LwIP/src/core/tcp_out.o
                0x0000000008008228                tcp_output
 .text.tcp_rst  0x00000000080084e0       0xac Middlewares/Third_Party/LwIP/src/core/tcp_out.o
                0x00000000080084e0                tcp_rst
 .text.tcp_rexmit_rto
                0x000000000800858c       0x36 Middlewares/Third_Party/LwIP/src/core/tcp_out.o
                0x000000000800858c                tcp_rexmit_rto
 .text.tcp_rexmit
                0x00000000080085c2       0x54 Middlewares/Third_Party/LwIP/src/core/tcp_out.o
                0x00000000080085c2                tcp_rexmit
 .text.tcp_rexmit_fast
                0x0000000008008616       0x5c Middlewares/Third_Party/LwIP/src/core/tcp_out.o
                0x0000000008008616                tcp_rexmit_fast
 .text.tcp_keepalive
                0x0000000008008672       0x58 Middlewares/Third_Party/LwIP/src/core/tcp_out.o
                0x0000000008008672                tcp_keepalive
 .text.tcp_zero_window_probe
                0x00000000080086ca       0xd4 Middlewares/Third_Party/LwIP/src/core/tcp_out.o
                0x00000000080086ca                tcp_zero_window_probe
 *fill*         0x000000000800879e        0x2 
 .text.sys_timeouts_sleeptime
                0x00000000080087a0       0x34 Middlewares/Third_Party/LwIP/src/core/timeouts.o
 .text.sys_check_timeouts
                0x00000000080087d4       0x70 Middlewares/Third_Party/LwIP/src/core/timeouts.o
 .text.sys_timeout
                0x0000000008008844       0xbc Middlewares/Third_Party/LwIP/src/core/timeouts.o
                0x0000000008008844                sys_timeout
 .text.tcp_timer_needed
                0x0000000008008900       0x3c Middlewares/Third_Party/LwIP/src/core/timeouts.o
                0x0000000008008900                tcp_timer_needed
 .text.tcpip_tcp_timer
                0x000000000800893c       0x38 Middlewares/Third_Party/LwIP/src/core/timeouts.o
 .text.sys_timeouts_init
                0x0000000008008974       0x34 Middlewares/Third_Party/LwIP/src/core/timeouts.o
                0x0000000008008974                sys_timeouts_init
 .text.cyclic_timer
                0x00000000080089a8       0x18 Middlewares/Third_Party/LwIP/src/core/timeouts.o
 .text.sys_timeouts_mbox_fetch
                0x00000000080089c0       0x40 Middlewares/Third_Party/LwIP/src/core/timeouts.o
                0x00000000080089c0                sys_timeouts_mbox_fetch
 .text.udp_new_port
                0x0000000008008a00       0x4c Middlewares/Third_Party/LwIP/src/core/udp.o
 .text.udp_input_local_match
                0x0000000008008a4c       0x50 Middlewares/Third_Party/LwIP/src/core/udp.o
 .text.udp_init
                0x0000000008008a9c        0x2 Middlewares/Third_Party/LwIP/src/core/udp.o
                0x0000000008008a9c                udp_init
 *fill*         0x0000000008008a9e        0x2 
 .text.udp_input
                0x0000000008008aa0      0x144 Middlewares/Third_Party/LwIP/src/core/udp.o
                0x0000000008008aa0                udp_input
 .text.udp_bind
                0x0000000008008be4       0x84 Middlewares/Third_Party/LwIP/src/core/udp.o
                0x0000000008008be4                udp_bind
 .text.udp_sendto_if_src
                0x0000000008008c68       0xc8 Middlewares/Third_Party/LwIP/src/core/udp.o
                0x0000000008008c68                udp_sendto_if_src
 .text.udp_sendto_if
                0x0000000008008d30       0x48 Middlewares/Third_Party/LwIP/src/core/udp.o
                0x0000000008008d30                udp_sendto_if
 .text.udp_connect
                0x0000000008008d78       0x64 Middlewares/Third_Party/LwIP/src/core/udp.o
                0x0000000008008d78                udp_connect
 .text.udp_recv
                0x0000000008008ddc        0x6 Middlewares/Third_Party/LwIP/src/core/udp.o
                0x0000000008008ddc                udp_recv
 *fill*         0x0000000008008de2        0x2 
 .text.udp_remove
                0x0000000008008de4       0x38 Middlewares/Third_Party/LwIP/src/core/udp.o
                0x0000000008008de4                udp_remove
 .text.udp_new  0x0000000008008e1c       0x1c Middlewares/Third_Party/LwIP/src/core/udp.o
                0x0000000008008e1c                udp_new
 .text.udp_netif_ip_addr_changed
                0x0000000008008e38       0x34 Middlewares/Third_Party/LwIP/src/core/udp.o
                0x0000000008008e38                udp_netif_ip_addr_changed
 .text.dhcp_set_state
                0x0000000008008e6c       0x10 Middlewares/Third_Party/LwIP/src/core/ipv4/dhcp.o
 .text.dhcp_option_short
                0x0000000008008e7c       0x4c Middlewares/Third_Party/LwIP/src/core/ipv4/dhcp.o
 .text.dhcp_option
                0x0000000008008ec8       0x4c Middlewares/Third_Party/LwIP/src/core/ipv4/dhcp.o
 .text.dhcp_option_byte
                0x0000000008008f14       0x38 Middlewares/Third_Party/LwIP/src/core/ipv4/dhcp.o
 .text.dhcp_option_trailer
                0x0000000008008f4c       0x88 Middlewares/Third_Party/LwIP/src/core/ipv4/dhcp.o
 .text.dhcp_option_long
                0x0000000008008fd4       0x70 Middlewares/Third_Party/LwIP/src/core/ipv4/dhcp.o
 .text.dhcp_create_msg
                0x0000000008009044      0x1f8 Middlewares/Third_Party/LwIP/src/core/ipv4/dhcp.o
 .text.dhcp_handle_ack
                0x000000000800923c       0x7c Middlewares/Third_Party/LwIP/src/core/ipv4/dhcp.o
 .text.dhcp_delete_msg
                0x00000000080092b8       0x64 Middlewares/Third_Party/LwIP/src/core/ipv4/dhcp.o
 .text.dhcp_discover
                0x000000000800931c       0xcc Middlewares/Third_Party/LwIP/src/core/ipv4/dhcp.o
 .text.dhcp_select
                0x00000000080093e8       0xf8 Middlewares/Third_Party/LwIP/src/core/ipv4/dhcp.o
 .text.dhcp_handle_offer
                0x00000000080094e0       0x2c Middlewares/Third_Party/LwIP/src/core/ipv4/dhcp.o
 .text.dhcp_decline
                0x000000000800950c       0x84 Middlewares/Third_Party/LwIP/src/core/ipv4/dhcp.o
 .text.dhcp_rebind
                0x0000000008009590       0xc8 Middlewares/Third_Party/LwIP/src/core/ipv4/dhcp.o
 .text.dhcp_t2_timeout
                0x0000000008009658       0x34 Middlewares/Third_Party/LwIP/src/core/ipv4/dhcp.o
 .text.dhcp_reboot
                0x000000000800968c       0xe0 Middlewares/Third_Party/LwIP/src/core/ipv4/dhcp.o
 .text.dhcp_check
                0x000000000800976c       0x2a Middlewares/Third_Party/LwIP/src/core/ipv4/dhcp.o
 *fill*         0x0000000008009796        0x2 
 .text.dhcp_bind
                0x0000000008009798      0x128 Middlewares/Third_Party/LwIP/src/core/ipv4/dhcp.o
 .text.dhcp_handle_nak
                0x00000000080098c0       0x24 Middlewares/Third_Party/LwIP/src/core/ipv4/dhcp.o
 .text.dhcp_dec_pcb_refcount
                0x00000000080098e4       0x48 Middlewares/Third_Party/LwIP/src/core/ipv4/dhcp.o
 .text.dhcp_inc_pcb_refcount
                0x000000000800992c       0x7c Middlewares/Third_Party/LwIP/src/core/ipv4/dhcp.o
 .text.dhcp_parse_reply
                0x00000000080099a8      0x478 Middlewares/Third_Party/LwIP/src/core/ipv4/dhcp.o
 .text.dhcp_recv
                0x0000000008009e20      0x110 Middlewares/Third_Party/LwIP/src/core/ipv4/dhcp.o
 .text.dhcp_arp_reply
                0x0000000008009f30       0x40 Middlewares/Third_Party/LwIP/src/core/ipv4/dhcp.o
                0x0000000008009f30                dhcp_arp_reply
 .text.dhcp_renew
                0x0000000008009f70       0xc4 Middlewares/Third_Party/LwIP/src/core/ipv4/dhcp.o
                0x0000000008009f70                dhcp_renew
 .text.dhcp_t1_timeout
                0x000000000800a034       0x30 Middlewares/Third_Party/LwIP/src/core/ipv4/dhcp.o
 .text.dhcp_stop
                0x000000000800a064       0x54 Middlewares/Third_Party/LwIP/src/core/ipv4/dhcp.o
                0x000000000800a064                dhcp_stop
 .text.dhcp_start
                0x000000000800a0b8       0xdc Middlewares/Third_Party/LwIP/src/core/ipv4/dhcp.o
                0x000000000800a0b8                dhcp_start
 .text.dhcp_supplied_address
                0x000000000800a194       0x2a Middlewares/Third_Party/LwIP/src/core/ipv4/dhcp.o
                0x000000000800a194                dhcp_supplied_address
 *fill*         0x000000000800a1be        0x2 
 .text.dhcp_release
                0x000000000800a1c0       0xb0 Middlewares/Third_Party/LwIP/src/core/ipv4/dhcp.o
                0x000000000800a1c0                dhcp_release
 .text.dhcp_coarse_tmr
                0x000000000800a270       0x64 Middlewares/Third_Party/LwIP/src/core/ipv4/dhcp.o
                0x000000000800a270                dhcp_coarse_tmr
 .text.dhcp_timeout
                0x000000000800a2d4       0x60 Middlewares/Third_Party/LwIP/src/core/ipv4/dhcp.o
 .text.dhcp_fine_tmr
                0x000000000800a334       0x34 Middlewares/Third_Party/LwIP/src/core/ipv4/dhcp.o
                0x000000000800a334                dhcp_fine_tmr
 .text.etharp_free_entry
                0x000000000800a368       0x34 Middlewares/Third_Party/LwIP/src/core/ipv4/etharp.o
 .text.etharp_find_entry
                0x000000000800a39c      0x1ac Middlewares/Third_Party/LwIP/src/core/ipv4/etharp.o
 .text.etharp_update_arp_entry
                0x000000000800a548       0xc8 Middlewares/Third_Party/LwIP/src/core/ipv4/etharp.o
 .text.etharp_raw
                0x000000000800a610       0xe0 Middlewares/Third_Party/LwIP/src/core/ipv4/etharp.o
 .text.etharp_request_dst
                0x000000000800a6f0       0x28 Middlewares/Third_Party/LwIP/src/core/ipv4/etharp.o
 .text.etharp_cleanup_netif
                0x000000000800a718       0x38 Middlewares/Third_Party/LwIP/src/core/ipv4/etharp.o
                0x000000000800a718                etharp_cleanup_netif
 .text.etharp_input
                0x000000000800a750       0xc4 Middlewares/Third_Party/LwIP/src/core/ipv4/etharp.o
                0x000000000800a750                etharp_input
 .text.etharp_request
                0x000000000800a814       0x10 Middlewares/Third_Party/LwIP/src/core/ipv4/etharp.o
                0x000000000800a814                etharp_request
 .text.etharp_tmr
                0x000000000800a824       0x90 Middlewares/Third_Party/LwIP/src/core/ipv4/etharp.o
                0x000000000800a824                etharp_tmr
 .text.etharp_output_to_arp_index
                0x000000000800a8b4       0xd4 Middlewares/Third_Party/LwIP/src/core/ipv4/etharp.o
 .text.etharp_query
                0x000000000800a988      0x1b4 Middlewares/Third_Party/LwIP/src/core/ipv4/etharp.o
                0x000000000800a988                etharp_query
 .text.etharp_output
                0x000000000800ab3c      0x158 Middlewares/Third_Party/LwIP/src/core/ipv4/etharp.o
                0x000000000800ab3c                etharp_output
 .text.icmp_send_response
                0x000000000800ac94       0xac Middlewares/Third_Party/LwIP/src/core/ipv4/icmp.o
 .text.icmp_input
                0x000000000800ad40      0x13c Middlewares/Third_Party/LwIP/src/core/ipv4/icmp.o
                0x000000000800ad40                icmp_input
 .text.icmp_dest_unreach
                0x000000000800ae7c        0xc Middlewares/Third_Party/LwIP/src/core/ipv4/icmp.o
                0x000000000800ae7c                icmp_dest_unreach
 .text.icmp_time_exceeded
                0x000000000800ae88        0xc Middlewares/Third_Party/LwIP/src/core/ipv4/icmp.o
                0x000000000800ae88                icmp_time_exceeded
 .text.ip4_route
                0x000000000800ae94       0xa0 Middlewares/Third_Party/LwIP/src/core/ipv4/ip4.o
                0x000000000800ae94                ip4_route
 .text.ip4_input
                0x000000000800af34      0x1e4 Middlewares/Third_Party/LwIP/src/core/ipv4/ip4.o
                0x000000000800af34                ip4_input
 .text.ip4_output_if_src
                0x000000000800b118       0xf4 Middlewares/Third_Party/LwIP/src/core/ipv4/ip4.o
                0x000000000800b118                ip4_output_if_src
 .text.ip4_output_if
                0x000000000800b20c       0x2a Middlewares/Third_Party/LwIP/src/core/ipv4/ip4.o
                0x000000000800b20c                ip4_output_if
 .text.ip4_addr_isbroadcast_u32
                0x000000000800b236       0x40 Middlewares/Third_Party/LwIP/src/core/ipv4/ip4_addr.o
                0x000000000800b236                ip4_addr_isbroadcast_u32
 *fill*         0x000000000800b276        0x2 
 .text.ip_reass_dequeue_datagram
                0x000000000800b278       0x48 Middlewares/Third_Party/LwIP/src/core/ipv4/ip4_frag.o
 .text.ip_reass_free_complete_datagram
                0x000000000800b2c0      0x10c Middlewares/Third_Party/LwIP/src/core/ipv4/ip4_frag.o
 .text.ip_reass_remove_oldest_datagram
                0x000000000800b3cc       0x84 Middlewares/Third_Party/LwIP/src/core/ipv4/ip4_frag.o
 .text.ip_frag_free_pbuf_custom_ref
                0x000000000800b450       0x2c Middlewares/Third_Party/LwIP/src/core/ipv4/ip4_frag.o
 .text.ipfrag_free_pbuf_custom
                0x000000000800b47c       0x34 Middlewares/Third_Party/LwIP/src/core/ipv4/ip4_frag.o
 .text.ip_reass_chain_frag_into_datagram_and_validate
                0x000000000800b4b0      0x194 Middlewares/Third_Party/LwIP/src/core/ipv4/ip4_frag.o
 .text.ip_frag_alloc_pbuf_custom_ref
                0x000000000800b644        0xa Middlewares/Third_Party/LwIP/src/core/ipv4/ip4_frag.o
 *fill*         0x000000000800b64e        0x2 
 .text.ip_reass_enqueue_new_datagram
                0x000000000800b650       0x60 Middlewares/Third_Party/LwIP/src/core/ipv4/ip4_frag.o
 .text.ip_reass_tmr
                0x000000000800b6b0       0x2c Middlewares/Third_Party/LwIP/src/core/ipv4/ip4_frag.o
                0x000000000800b6b0                ip_reass_tmr
 .text.ip4_reass
                0x000000000800b6dc      0x1a8 Middlewares/Third_Party/LwIP/src/core/ipv4/ip4_frag.o
                0x000000000800b6dc                ip4_reass
 .text.ip4_frag
                0x000000000800b884      0x1ec Middlewares/Third_Party/LwIP/src/core/ipv4/ip4_frag.o
                0x000000000800b884                ip4_frag
 .text.ethernet_input
                0x000000000800ba70       0xa8 Middlewares/Third_Party/LwIP/src/netif/ethernet.o
                0x000000000800ba70                ethernet_input
 .text.ethernet_output
                0x000000000800bb18       0x70 Middlewares/Third_Party/LwIP/src/netif/ethernet.o
                0x000000000800bb18                ethernet_output
 .text.sys_mbox_new
                0x000000000800bb88       0x24 Middlewares/Third_Party/LwIP/system/OS/sys_arch.o
                0x000000000800bb88                sys_mbox_new
 .text.sys_mbox_post
                0x000000000800bbac       0x18 Middlewares/Third_Party/LwIP/system/OS/sys_arch.o
                0x000000000800bbac                sys_mbox_post
 .text.sys_mbox_trypost
                0x000000000800bbc4       0x14 Middlewares/Third_Party/LwIP/system/OS/sys_arch.o
                0x000000000800bbc4                sys_mbox_trypost
 .text.sys_arch_mbox_fetch
                0x000000000800bbd8       0x58 Middlewares/Third_Party/LwIP/system/OS/sys_arch.o
                0x000000000800bbd8                sys_arch_mbox_fetch
 .text.sys_mbox_valid
                0x000000000800bc30        0xc Middlewares/Third_Party/LwIP/system/OS/sys_arch.o
                0x000000000800bc30                sys_mbox_valid
 .text.sys_init
                0x000000000800bc3c       0x18 Middlewares/Third_Party/LwIP/system/OS/sys_arch.o
                0x000000000800bc3c                sys_init
 .text.sys_mutex_new
                0x000000000800bc54       0x22 Middlewares/Third_Party/LwIP/system/OS/sys_arch.o
                0x000000000800bc54                sys_mutex_new
 .text.sys_mutex_lock
                0x000000000800bc76        0xe Middlewares/Third_Party/LwIP/system/OS/sys_arch.o
                0x000000000800bc76                sys_mutex_lock
 .text.sys_mutex_unlock
                0x000000000800bc84        0xa Middlewares/Third_Party/LwIP/system/OS/sys_arch.o
                0x000000000800bc84                sys_mutex_unlock
 .text.sys_thread_new
                0x000000000800bc8e       0x24 Middlewares/Third_Party/LwIP/system/OS/sys_arch.o
                0x000000000800bc8e                sys_thread_new
 *fill*         0x000000000800bcb2        0x2 
 .text.sys_arch_protect
                0x000000000800bcb4       0x18 Middlewares/Third_Party/LwIP/system/OS/sys_arch.o
                0x000000000800bcb4                sys_arch_protect
 .text.sys_arch_unprotect
                0x000000000800bccc       0x10 Middlewares/Third_Party/LwIP/system/OS/sys_arch.o
                0x000000000800bccc                sys_arch_unprotect
 .text.low_level_input
                0x000000000800bcdc       0xdc Src/ethernetif.o
 .text.ethernetif_input
                0x000000000800bdb8       0x3c Src/ethernetif.o
                0x000000000800bdb8                ethernetif_input
 .text.low_level_output
                0x000000000800bdf4       0xbc Src/ethernetif.o
 .text.low_level_init
                0x000000000800beb0      0x120 Src/ethernetif.o
 .text.HAL_ETH_MspInit
                0x000000000800bfd0       0xcc Src/ethernetif.o
                0x000000000800bfd0                HAL_ETH_MspInit
 .text.HAL_ETH_RxCpltCallback
                0x000000000800c09c       0x10 Src/ethernetif.o
                0x000000000800c09c                HAL_ETH_RxCpltCallback
 .text.ethernetif_init
                0x000000000800c0ac       0x48 Src/ethernetif.o
                0x000000000800c0ac                ethernetif_init
 .text.sys_now  0x000000000800c0f4        0x8 Src/ethernetif.o
                0x000000000800c0f4                sys_now
 .text.MX_LWIP_Init
                0x000000000800c0fc       0x6c Src/lwip.o
                0x000000000800c0fc                MX_LWIP_Init
 .text.MX_GPIO_Init
                0x000000000800c168      0x178 Src/main.o
 .text.MX_USART3_UART_Init
                0x000000000800c2e0       0x30 Src/main.o
 .text.startupTask
                0x000000000800c310       0x90 Src/main.o
                0x000000000800c310                startupTask
 .text.buttonTask
                0x000000000800c3a0       0x20 Src/main.o
                0x000000000800c3a0                buttonTask
 .text.StartDefaultTask
                0x000000000800c3c0        0xa Src/main.o
                0x000000000800c3c0                StartDefaultTask
 *fill*         0x000000000800c3ca        0x2 
 .text.SystemClock_Config
                0x000000000800c3cc       0xb0 Src/main.o
                0x000000000800c3cc                SystemClock_Config
 .text.main     0x000000000800c47c       0x54 Src/main.o
                0x000000000800c47c                main
 .text.HAL_TIM_PeriodElapsedCallback
                0x000000000800c4d0       0x18 Src/main.o
                0x000000000800c4d0                HAL_TIM_PeriodElapsedCallback
 .text.HAL_MspInit
                0x000000000800c4e8       0x40 Src/stm32f7xx_hal_msp.o
                0x000000000800c4e8                HAL_MspInit
 .text.HAL_UART_MspInit
                0x000000000800c528       0x7c Src/stm32f7xx_hal_msp.o
                0x000000000800c528                HAL_UART_MspInit
 .text.HAL_InitTick
                0x000000000800c5a4       0x78 Src/stm32f7xx_hal_timebase_tim.o
                0x000000000800c5a4                HAL_InitTick
 .text.NMI_Handler
                0x000000000800c61c        0x2 Src/stm32f7xx_it.o
                0x000000000800c61c                NMI_Handler
 .text.HardFault_Handler
                0x000000000800c61e        0x2 Src/stm32f7xx_it.o
                0x000000000800c61e                HardFault_Handler
 .text.MemManage_Handler
                0x000000000800c620        0x2 Src/stm32f7xx_it.o
                0x000000000800c620                MemManage_Handler
 .text.BusFault_Handler
                0x000000000800c622        0x2 Src/stm32f7xx_it.o
                0x000000000800c622                BusFault_Handler
 .text.UsageFault_Handler
                0x000000000800c624        0x2 Src/stm32f7xx_it.o
                0x000000000800c624                UsageFault_Handler
 .text.DebugMon_Handler
                0x000000000800c626        0x2 Src/stm32f7xx_it.o
                0x000000000800c626                DebugMon_Handler
 .text.TIM1_UP_TIM10_IRQHandler
                0x000000000800c628       0x10 Src/stm32f7xx_it.o
                0x000000000800c628                TIM1_UP_TIM10_IRQHandler
 .text.USART3_IRQHandler
                0x000000000800c638       0x3c Src/stm32f7xx_it.o
                0x000000000800c638                USART3_IRQHandler
 .text.EXTI15_10_IRQHandler
                0x000000000800c674       0x18 Src/stm32f7xx_it.o
                0x000000000800c674                EXTI15_10_IRQHandler
 .text.ETH_IRQHandler
                0x000000000800c68c       0x10 Src/stm32f7xx_it.o
                0x000000000800c68c                ETH_IRQHandler
 .text.SystemInit
                0x000000000800c69c       0x50 Src/system_stm32f7xx.o
                0x000000000800c69c                SystemInit
 .text.uartTask
                0x000000000800c6ec       0x58 Src/uart.o
                0x000000000800c6ec                uartTask
 .text.uartInit
                0x000000000800c744       0x60 Src/uart.o
                0x000000000800c744                uartInit
 .text.stprint  0x000000000800c7a4       0x68 Src/uart.o
                0x000000000800c7a4                stprint
 .text.stclear  0x000000000800c80c       0x10 Src/uart.o
                0x000000000800c80c                stclear
 .text.commandParserTask
                0x000000000800c81c      0x188 Src/uart.o
                0x000000000800c81c                commandParserTask
 .text.isrprint
                0x000000000800c9a4       0x60 Src/uart.o
                0x000000000800c9a4                isrprint
 .text.HAL_UART_TxCpltCallback
                0x000000000800ca04       0x20 Src/uart.o
                0x000000000800ca04                HAL_UART_TxCpltCallback
 .text.UART_CharReception_Callback
                0x000000000800ca24       0x38 Src/uart.o
                0x000000000800ca24                UART_CharReception_Callback
 .text.Reset_Handler
                0x000000000800ca5c       0x50 startup/startup_stm32f767xx.o
                0x000000000800ca5c                Reset_Handler
 .text.Default_Handler
                0x000000000800caac        0x2 startup/startup_stm32f767xx.o
                0x000000000800caac                RTC_Alarm_IRQHandler
                0x000000000800caac                EXTI2_IRQHandler
                0x000000000800caac                TIM8_CC_IRQHandler
                0x000000000800caac                UART8_IRQHandler
                0x000000000800caac                SPI4_IRQHandler
                0x000000000800caac                TIM1_CC_IRQHandler
                0x000000000800caac                DMA2_Stream5_IRQHandler
                0x000000000800caac                JPEG_IRQHandler
                0x000000000800caac                DMA1_Stream5_IRQHandler
                0x000000000800caac                CAN3_RX1_IRQHandler
                0x000000000800caac                PVD_IRQHandler
                0x000000000800caac                TAMP_STAMP_IRQHandler
                0x000000000800caac                CAN2_RX1_IRQHandler
                0x000000000800caac                EXTI3_IRQHandler
                0x000000000800caac                TIM8_TRG_COM_TIM14_IRQHandler
                0x000000000800caac                DFSDM1_FLT1_IRQHandler
                0x000000000800caac                TIM8_UP_TIM13_IRQHandler
                0x000000000800caac                I2C3_ER_IRQHandler
                0x000000000800caac                DFSDM1_FLT2_IRQHandler
                0x000000000800caac                EXTI0_IRQHandler
                0x000000000800caac                I2C2_EV_IRQHandler
                0x000000000800caac                DMA1_Stream2_IRQHandler
                0x000000000800caac                CAN1_RX0_IRQHandler
                0x000000000800caac                FPU_IRQHandler
                0x000000000800caac                OTG_HS_WKUP_IRQHandler
                0x000000000800caac                CAN3_SCE_IRQHandler
                0x000000000800caac                LTDC_ER_IRQHandler
                0x000000000800caac                CAN2_SCE_IRQHandler
                0x000000000800caac                DMA2_Stream2_IRQHandler
                0x000000000800caac                SPI1_IRQHandler
                0x000000000800caac                TIM6_DAC_IRQHandler
                0x000000000800caac                TIM1_BRK_TIM9_IRQHandler
                0x000000000800caac                DCMI_IRQHandler
                0x000000000800caac                CAN2_RX0_IRQHandler
                0x000000000800caac                DMA2_Stream3_IRQHandler
                0x000000000800caac                SAI2_IRQHandler
                0x000000000800caac                DFSDM1_FLT3_IRQHandler
                0x000000000800caac                USART6_IRQHandler
                0x000000000800caac                CAN3_RX0_IRQHandler
                0x000000000800caac                CAN1_RX1_IRQHandler
                0x000000000800caac                UART5_IRQHandler
                0x000000000800caac                DMA2_Stream0_IRQHandler
                0x000000000800caac                TIM4_IRQHandler
                0x000000000800caac                QUADSPI_IRQHandler
                0x000000000800caac                I2C1_EV_IRQHandler
                0x000000000800caac                DMA1_Stream6_IRQHandler
                0x000000000800caac                DMA1_Stream1_IRQHandler
                0x000000000800caac                UART4_IRQHandler
                0x000000000800caac                TIM3_IRQHandler
                0x000000000800caac                RCC_IRQHandler
                0x000000000800caac                TIM8_BRK_TIM12_IRQHandler
                0x000000000800caac                Default_Handler
                0x000000000800caac                CEC_IRQHandler
                0x000000000800caac                ADC_IRQHandler
                0x000000000800caac                DMA1_Stream7_IRQHandler
                0x000000000800caac                SPI5_IRQHandler
                0x000000000800caac                TIM7_IRQHandler
                0x000000000800caac                SDMMC1_IRQHandler
                0x000000000800caac                CAN2_TX_IRQHandler
                0x000000000800caac                TIM5_IRQHandler
                0x000000000800caac                DMA2_Stream7_IRQHandler
                0x000000000800caac                I2C3_EV_IRQHandler
                0x000000000800caac                EXTI9_5_IRQHandler
                0x000000000800caac                RTC_WKUP_IRQHandler
                0x000000000800caac                LTDC_IRQHandler
                0x000000000800caac                ETH_WKUP_IRQHandler
                0x000000000800caac                SPDIF_RX_IRQHandler
                0x000000000800caac                SPI2_IRQHandler
                0x000000000800caac                OTG_HS_EP1_IN_IRQHandler
                0x000000000800caac                DMA1_Stream0_IRQHandler
                0x000000000800caac                CAN1_TX_IRQHandler
                0x000000000800caac                EXTI4_IRQHandler
                0x000000000800caac                RNG_IRQHandler
                0x000000000800caac                OTG_HS_EP1_OUT_IRQHandler
                0x000000000800caac                WWDG_IRQHandler
                0x000000000800caac                SPI6_IRQHandler
                0x000000000800caac                MDIOS_IRQHandler
                0x000000000800caac                I2C4_EV_IRQHandler
                0x000000000800caac                CAN3_TX_IRQHandler
                0x000000000800caac                TIM2_IRQHandler
                0x000000000800caac                OTG_FS_WKUP_IRQHandler
                0x000000000800caac                TIM1_TRG_COM_TIM11_IRQHandler
                0x000000000800caac                OTG_HS_IRQHandler
                0x000000000800caac                DMA2D_IRQHandler
                0x000000000800caac                EXTI1_IRQHandler
                0x000000000800caac                SDMMC2_IRQHandler
                0x000000000800caac                UART7_IRQHandler
                0x000000000800caac                USART2_IRQHandler
                0x000000000800caac                DFSDM1_FLT0_IRQHandler
                0x000000000800caac                I2C2_ER_IRQHandler
                0x000000000800caac                DMA2_Stream1_IRQHandler
                0x000000000800caac                CAN1_SCE_IRQHandler
                0x000000000800caac                FLASH_IRQHandler
                0x000000000800caac                DMA2_Stream4_IRQHandler
                0x000000000800caac                USART1_IRQHandler
                0x000000000800caac                OTG_FS_IRQHandler
                0x000000000800caac                SPI3_IRQHandler
                0x000000000800caac                DMA1_Stream4_IRQHandler
                0x000000000800caac                I2C1_ER_IRQHandler
                0x000000000800caac                FMC_IRQHandler
                0x000000000800caac                LPTIM1_IRQHandler
                0x000000000800caac                I2C4_ER_IRQHandler
                0x000000000800caac                DMA2_Stream6_IRQHandler
                0x000000000800caac                SAI1_IRQHandler
                0x000000000800caac                DMA1_Stream3_IRQHandler
 *fill*         0x000000000800caae        0x2 
 .text.__libc_init_array
                0x000000000800cab0       0x48 /opt/st/stm32cubeide_1.0.0/plugins/com.st.stm32cube.ide.mcu.externaltools.gnu-tools-for-stm32.7-2018-q2-update.linux64_1.0.0.201904181610/tools/bin/../lib/gcc/arm-none-eabi/7.3.1/../../../../arm-none-eabi/lib/thumb/v7e-m/fpv5/hard/libc_nano.a(lib_a-init.o)
                0x000000000800cab0                __libc_init_array
 .text.memcmp   0x000000000800caf8       0x1e /opt/st/stm32cubeide_1.0.0/plugins/com.st.stm32cube.ide.mcu.externaltools.gnu-tools-for-stm32.7-2018-q2-update.linux64_1.0.0.201904181610/tools/bin/../lib/gcc/arm-none-eabi/7.3.1/../../../../arm-none-eabi/lib/thumb/v7e-m/fpv5/hard/libc_nano.a(lib_a-memcmp.o)
                0x000000000800caf8                memcmp
 .text.memcpy   0x000000000800cb16       0x16 /opt/st/stm32cubeide_1.0.0/plugins/com.st.stm32cube.ide.mcu.externaltools.gnu-tools-for-stm32.7-2018-q2-update.linux64_1.0.0.201904181610/tools/bin/../lib/gcc/arm-none-eabi/7.3.1/../../../../arm-none-eabi/lib/thumb/v7e-m/fpv5/hard/libc_nano.a(lib_a-memcpy-stub.o)
                0x000000000800cb16                memcpy
 .text.memset   0x000000000800cb2c       0x10 /opt/st/stm32cubeide_1.0.0/plugins/com.st.stm32cube.ide.mcu.externaltools.gnu-tools-for-stm32.7-2018-q2-update.linux64_1.0.0.201904181610/tools/bin/../lib/gcc/arm-none-eabi/7.3.1/../../../../arm-none-eabi/lib/thumb/v7e-m/fpv5/hard/libc_nano.a(lib_a-memset.o)
                0x000000000800cb2c                memset
 .text.printf   0x000000000800cb3c       0x30 /opt/st/stm32cubeide_1.0.0/plugins/com.st.stm32cube.ide.mcu.externaltools.gnu-tools-for-stm32.7-2018-q2-update.linux64_1.0.0.201904181610/tools/bin/../lib/gcc/arm-none-eabi/7.3.1/../../../../arm-none-eabi/lib/thumb/v7e-m/fpv5/hard/libc_nano.a(lib_a-printf.o)
                0x000000000800cb3c                printf
                0x000000000800cb3c                iprintf
 .text.rand     0x000000000800cb6c       0x68 /opt/st/stm32cubeide_1.0.0/plugins/com.st.stm32cube.ide.mcu.externaltools.gnu-tools-for-stm32.7-2018-q2-update.linux64_1.0.0.201904181610/tools/bin/../lib/gcc/arm-none-eabi/7.3.1/../../../../arm-none-eabi/lib/thumb/v7e-m/fpv5/hard/libc_nano.a(lib_a-rand.o)
                0x000000000800cb6c                rand
 .text._vsprintf_r
                0x000000000800cbd4       0x2c /opt/st/stm32cubeide_1.0.0/plugins/com.st.stm32cube.ide.mcu.externaltools.gnu-tools-for-stm32.7-2018-q2-update.linux64_1.0.0.201904181610/tools/bin/../lib/gcc/arm-none-eabi/7.3.1/../../../../arm-none-eabi/lib/thumb/v7e-m/fpv5/hard/libc_nano.a(lib_a-vsprintf.o)
                0x000000000800cbd4                _vsiprintf_r
                0x000000000800cbd4                _vsprintf_r
 .text.vsprintf
                0x000000000800cc00       0x14 /opt/st/stm32cubeide_1.0.0/plugins/com.st.stm32cube.ide.mcu.externaltools.gnu-tools-for-stm32.7-2018-q2-update.linux64_1.0.0.201904181610/tools/bin/../lib/gcc/arm-none-eabi/7.3.1/../../../../arm-none-eabi/lib/thumb/v7e-m/fpv5/hard/libc_nano.a(lib_a-vsprintf.o)
                0x000000000800cc00                vsprintf
                0x000000000800cc00                vsiprintf
 .text.std      0x000000000800cc14       0x48 /opt/st/stm32cubeide_1.0.0/plugins/com.st.stm32cube.ide.mcu.externaltools.gnu-tools-for-stm32.7-2018-q2-update.linux64_1.0.0.201904181610/tools/bin/../lib/gcc/arm-none-eabi/7.3.1/../../../../arm-none-eabi/lib/thumb/v7e-m/fpv5/hard/libc_nano.a(lib_a-findfp.o)
 .text._cleanup_r
                0x000000000800cc5c        0xc /opt/st/stm32cubeide_1.0.0/plugins/com.st.stm32cube.ide.mcu.externaltools.gnu-tools-for-stm32.7-2018-q2-update.linux64_1.0.0.201904181610/tools/bin/../lib/gcc/arm-none-eabi/7.3.1/../../../../arm-none-eabi/lib/thumb/v7e-m/fpv5/hard/libc_nano.a(lib_a-findfp.o)
                0x000000000800cc5c                _cleanup_r
 .text.__sfmoreglue
                0x000000000800cc68       0x2c /opt/st/stm32cubeide_1.0.0/plugins/com.st.stm32cube.ide.mcu.externaltools.gnu-tools-for-stm32.7-2018-q2-update.linux64_1.0.0.201904181610/tools/bin/../lib/gcc/arm-none-eabi/7.3.1/../../../../arm-none-eabi/lib/thumb/v7e-m/fpv5/hard/libc_nano.a(lib_a-findfp.o)
                0x000000000800cc68                __sfmoreglue
 .text.__sinit  0x000000000800cc94       0x60 /opt/st/stm32cubeide_1.0.0/plugins/com.st.stm32cube.ide.mcu.externaltools.gnu-tools-for-stm32.7-2018-q2-update.linux64_1.0.0.201904181610/tools/bin/../lib/gcc/arm-none-eabi/7.3.1/../../../../arm-none-eabi/lib/thumb/v7e-m/fpv5/hard/libc_nano.a(lib_a-findfp.o)
                0x000000000800cc94                __sinit
 .text.__sfp    0x000000000800ccf4       0x78 /opt/st/stm32cubeide_1.0.0/plugins/com.st.stm32cube.ide.mcu.externaltools.gnu-tools-for-stm32.7-2018-q2-update.linux64_1.0.0.201904181610/tools/bin/../lib/gcc/arm-none-eabi/7.3.1/../../../../arm-none-eabi/lib/thumb/v7e-m/fpv5/hard/libc_nano.a(lib_a-findfp.o)
                0x000000000800ccf4                __sfp
 .text._fwalk_reent
                0x000000000800cd6c       0x3c /opt/st/stm32cubeide_1.0.0/plugins/com.st.stm32cube.ide.mcu.externaltools.gnu-tools-for-stm32.7-2018-q2-update.linux64_1.0.0.201904181610/tools/bin/../lib/gcc/arm-none-eabi/7.3.1/../../../../arm-none-eabi/lib/thumb/v7e-m/fpv5/hard/libc_nano.a(lib_a-fwalk.o)
                0x000000000800cd6c                _fwalk_reent
 .text.malloc   0x000000000800cda8       0x10 /opt/st/stm32cubeide_1.0.0/plugins/com.st.stm32cube.ide.mcu.externaltools.gnu-tools-for-stm32.7-2018-q2-update.linux64_1.0.0.201904181610/tools/bin/../lib/gcc/arm-none-eabi/7.3.1/../../../../arm-none-eabi/lib/thumb/v7e-m/fpv5/hard/libc_nano.a(lib_a-malloc.o)
                0x000000000800cda8                malloc
 .text._free_r  0x000000000800cdb8       0x9c /opt/st/stm32cubeide_1.0.0/plugins/com.st.stm32cube.ide.mcu.externaltools.gnu-tools-for-stm32.7-2018-q2-update.linux64_1.0.0.201904181610/tools/bin/../lib/gcc/arm-none-eabi/7.3.1/../../../../arm-none-eabi/lib/thumb/v7e-m/fpv5/hard/libc_nano.a(lib_a-nano-freer.o)
                0x000000000800cdb8                _free_r
 .text._malloc_r
                0x000000000800ce54       0xb4 /opt/st/stm32cubeide_1.0.0/plugins/com.st.stm32cube.ide.mcu.externaltools.gnu-tools-for-stm32.7-2018-q2-update.linux64_1.0.0.201904181610/tools/bin/../lib/gcc/arm-none-eabi/7.3.1/../../../../arm-none-eabi/lib/thumb/v7e-m/fpv5/hard/libc_nano.a(lib_a-nano-mallocr.o)
                0x000000000800ce54                _malloc_r
 .text.__ssputs_r
                0x000000000800cf08       0xb4 /opt/st/stm32cubeide_1.0.0/plugins/com.st.stm32cube.ide.mcu.externaltools.gnu-tools-for-stm32.7-2018-q2-update.linux64_1.0.0.201904181610/tools/bin/../lib/gcc/arm-none-eabi/7.3.1/../../../../arm-none-eabi/lib/thumb/v7e-m/fpv5/hard/libc_nano.a(lib_a-nano-svfprintf.o)
                0x000000000800cf08                __ssputs_r
 .text._svfprintf_r
                0x000000000800cfbc      0x1f0 /opt/st/stm32cubeide_1.0.0/plugins/com.st.stm32cube.ide.mcu.externaltools.gnu-tools-for-stm32.7-2018-q2-update.linux64_1.0.0.201904181610/tools/bin/../lib/gcc/arm-none-eabi/7.3.1/../../../../arm-none-eabi/lib/thumb/v7e-m/fpv5/hard/libc_nano.a(lib_a-nano-svfprintf.o)
                0x000000000800cfbc                _svfprintf_r
                0x000000000800cfbc                _svfiprintf_r
 .text.__sfputc_r
                0x000000000800d1ac       0x2e /opt/st/stm32cubeide_1.0.0/plugins/com.st.stm32cube.ide.mcu.externaltools.gnu-tools-for-stm32.7-2018-q2-update.linux64_1.0.0.201904181610/tools/bin/../lib/gcc/arm-none-eabi/7.3.1/../../../../arm-none-eabi/lib/thumb/v7e-m/fpv5/hard/libc_nano.a(lib_a-nano-vfprintf.o)
 .text.__sfputs_r
                0x000000000800d1da       0x24 /opt/st/stm32cubeide_1.0.0/plugins/com.st.stm32cube.ide.mcu.externaltools.gnu-tools-for-stm32.7-2018-q2-update.linux64_1.0.0.201904181610/tools/bin/../lib/gcc/arm-none-eabi/7.3.1/../../../../arm-none-eabi/lib/thumb/v7e-m/fpv5/hard/libc_nano.a(lib_a-nano-vfprintf.o)
                0x000000000800d1da                __sfputs_r
 *fill*         0x000000000800d1fe        0x2 
 .text._vfprintf_r
                0x000000000800d200      0x22c /opt/st/stm32cubeide_1.0.0/plugins/com.st.stm32cube.ide.mcu.externaltools.gnu-tools-for-stm32.7-2018-q2-update.linux64_1.0.0.201904181610/tools/bin/../lib/gcc/arm-none-eabi/7.3.1/../../../../arm-none-eabi/lib/thumb/v7e-m/fpv5/hard/libc_nano.a(lib_a-nano-vfprintf.o)
                0x000000000800d200                _vfiprintf_r
                0x000000000800d200                _vfprintf_r
 .text._printf_common
                0x000000000800d42c       0xea /opt/st/stm32cubeide_1.0.0/plugins/com.st.stm32cube.ide.mcu.externaltools.gnu-tools-for-stm32.7-2018-q2-update.linux64_1.0.0.201904181610/tools/bin/../lib/gcc/arm-none-eabi/7.3.1/../../../../arm-none-eabi/lib/thumb/v7e-m/fpv5/hard/libc_nano.a(lib_a-nano-vfprintf_i.o)
                0x000000000800d42c                _printf_common
 *fill*         0x000000000800d516        0x2 
 .text._printf_i
                0x000000000800d518      0x224 /opt/st/stm32cubeide_1.0.0/plugins/com.st.stm32cube.ide.mcu.externaltools.gnu-tools-for-stm32.7-2018-q2-update.linux64_1.0.0.201904181610/tools/bin/../lib/gcc/arm-none-eabi/7.3.1/../../../../arm-none-eabi/lib/thumb/v7e-m/fpv5/hard/libc_nano.a(lib_a-nano-vfprintf_i.o)
                0x000000000800d518                _printf_i
 .text._sbrk_r  0x000000000800d73c       0x20 /opt/st/stm32cubeide_1.0.0/plugins/com.st.stm32cube.ide.mcu.externaltools.gnu-tools-for-stm32.7-2018-q2-update.linux64_1.0.0.201904181610/tools/bin/../lib/gcc/arm-none-eabi/7.3.1/../../../../arm-none-eabi/lib/thumb/v7e-m/fpv5/hard/libc_nano.a(lib_a-sbrkr.o)
                0x000000000800d73c                _sbrk_r
 .text.__sread  0x000000000800d75c       0x22 /opt/st/stm32cubeide_1.0.0/plugins/com.st.stm32cube.ide.mcu.externaltools.gnu-tools-for-stm32.7-2018-q2-update.linux64_1.0.0.201904181610/tools/bin/../lib/gcc/arm-none-eabi/7.3.1/../../../../arm-none-eabi/lib/thumb/v7e-m/fpv5/hard/libc_nano.a(lib_a-stdio.o)