api_msg.c:166:1:recv_udp	24	static
api_msg.c:456:1:setup_tcp	8	static
api_msg.c:552:1:pcb_new	16	static
api_msg.c:382:1:err_tcp	24	static
api_msg.c:1162:1:lwip_netconn_do_connected	16	static
api_msg.c:1497:1:lwip_netconn_do_writemore	32	static
api_msg.c:825:1:lwip_netconn_do_close_internal	32	static
api_msg.c:307:1:poll_tcp	8	static
api_msg.c:348:1:sent_tcp	16	static
api_msg.c:243:1:recv_tcp	24	static
api_msg.c:623:1:lwip_netconn_do_newconn	8	static
api_msg.c:648:1:netconn_alloc	16	static
api_msg.c:734:1:netconn_free	16	static
api_msg.c:761:1:netconn_drain	24	static
api_msg.c:475:1:accept_function	24	static
api_msg.c:1019:1:lwip_netconn_do_delconn	16	static
api_msg.c:1121:1:lwip_netconn_do_bind	8	static
api_msg.c:1212:1:lwip_netconn_do_connect	16	static
api_msg.c:1283:1:lwip_netconn_do_disconnect	8	static
api_msg.c:1307:1:lwip_netconn_do_listen	24	static
api_msg.c:1391:1:lwip_netconn_do_send	8	static
api_msg.c:1446:1:lwip_netconn_do_recv	16	static
api_msg.c:1651:1:lwip_netconn_do_write	16	static
api_msg.c:1707:1:lwip_netconn_do_getaddr	8	static
api_msg.c:1774:1:lwip_netconn_do_close	16	static
