stm32f7xx_hal_flash_ex.c:458:13:FLASH_MassErase	0	static
stm32f7xx_hal_flash_ex.c:551:17:FLASH_OB_GetWRP	0	static
stm32f7xx_hal_flash_ex.c:635:17:FLASH_OB_GetUser	0	static
stm32f7xx_hal_flash_ex.c:919:26:FLASH_OB_BOR_LevelConfig	0	static
stm32f7xx_hal_flash_ex.c:983:16:FLASH_OB_GetRDP	0	static
stm32f7xx_hal_flash_ex.c:1011:17:FLASH_OB_GetBOR	0	static
stm32f7xx_hal_flash_ex.c:1034:17:FLASH_OB_GetBootAddress	0	static
stm32f7xx_hal_flash_ex.c:824:26:FLASH_OB_EnableWRP	8	static
stm32f7xx_hal_flash_ex.c:860:26:FLASH_OB_DisableWRP	8	static
stm32f7xx_hal_flash_ex.c:891:26:FLASH_OB_RDP_LevelConfig	8	static
stm32f7xx_hal_flash_ex.c:594:26:FLASH_OB_UserConfig	24	static
stm32f7xx_hal_flash_ex.c:950:26:FLASH_OB_BootAddressConfig	16	static
stm32f7xx_hal_flash_ex.c:303:19:HAL_FLASHEx_OBProgram	32	static
stm32f7xx_hal_flash_ex.c:402:6:HAL_FLASHEx_OBGetConfig	8	static
stm32f7xx_hal_flash_ex.c:504:6:FLASH_Erase_Sector	0	static
stm32f7xx_hal_flash_ex.c:174:19:HAL_FLASHEx_Erase	16	static
stm32f7xx_hal_flash_ex.c:247:19:HAL_FLASHEx_Erase_IT	8	static
